Component: ARM Compiler 5.05 update 1 (build 106) Tool: armlink [4d0efa]

==============================================================================

Section Cross References

    adc.o(i.Get_Adc) refers to stm32f10x_adc.o(i.ADC_RegularChannelConfig) for ADC_RegularChannelConfig
    adc.o(i.Get_Adc) refers to stm32f10x_adc.o(i.ADC_SoftwareStartConvCmd) for ADC_SoftwareStartConvCmd
    adc.o(i.Get_Adc) refers to stm32f10x_adc.o(i.ADC_GetFlagStatus) for ADC_GetFlagStatus
    adc.o(i.Get_Adc) refers to stm32f10x_adc.o(i.ADC_GetConversionValue) for ADC_GetConversionValue
    adc.o(i.Get_Adc_Average) refers to adc.o(i.Get_Adc) for Get_Adc
    adc.o(i.Get_Adc_Average) refers to delay.o(i.delay_ms) for delay_ms
    adc.o(i.adc_init) refers to stm32f10x_rcc.o(i.RCC_APB2PeriphClockCmd) for RCC_APB2PeriphClockCmd
    adc.o(i.adc_init) refers to stm32f10x_rcc.o(i.RCC_ADCCLKConfig) for RCC_ADCCLKConfig
    adc.o(i.adc_init) refers to stm32f10x_gpio.o(i.GPIO_Init) for GPIO_Init
    adc.o(i.adc_init) refers to stm32f10x_adc.o(i.ADC_DeInit) for ADC_DeInit
    adc.o(i.adc_init) refers to stm32f10x_adc.o(i.ADC_Init) for ADC_Init
    adc.o(i.adc_init) refers to stm32f10x_adc.o(i.ADC_Cmd) for ADC_Cmd
    adc.o(i.adc_init) refers to stm32f10x_adc.o(i.ADC_ResetCalibration) for ADC_ResetCalibration
    adc.o(i.adc_init) refers to stm32f10x_adc.o(i.ADC_GetResetCalibrationStatus) for ADC_GetResetCalibrationStatus
    adc.o(i.adc_init) refers to stm32f10x_adc.o(i.ADC_StartCalibration) for ADC_StartCalibration
    adc.o(i.adc_init) refers to stm32f10x_adc.o(i.ADC_GetCalibrationStatus) for ADC_GetCalibrationStatus
    hlw8032.o(i.CmdAnalysis) refers to hlw8032.o(.data) for Voltage_Parameter_Reg
    hlw8032.o(i.USART2_IRQHandler) refers to stm32f10x_usart.o(i.USART_GetITStatus) for USART_GetITStatus
    hlw8032.o(i.USART2_IRQHandler) refers to hlw8032.o(i.CmdAnalysis) for CmdAnalysis
    hlw8032.o(i.USART2_IRQHandler) refers to stm32f10x_usart.o(i.USART_ReceiveData) for USART_ReceiveData
    hlw8032.o(i.USART2_IRQHandler) refers to hlw8032.o(.data) for USART2_RX_STA
    hlw8032.o(i.USART2_IRQHandler) refers to hlw8032.o(.bss) for USART2_RX_BUF
    hlw8032.o(i.uart2_init) refers to stm32f10x_rcc.o(i.RCC_APB2PeriphClockCmd) for RCC_APB2PeriphClockCmd
    hlw8032.o(i.uart2_init) refers to stm32f10x_rcc.o(i.RCC_APB1PeriphClockCmd) for RCC_APB1PeriphClockCmd
    hlw8032.o(i.uart2_init) refers to stm32f10x_gpio.o(i.GPIO_Init) for GPIO_Init
    hlw8032.o(i.uart2_init) refers to misc.o(i.NVIC_Init) for NVIC_Init
    hlw8032.o(i.uart2_init) refers to stm32f10x_usart.o(i.USART_Init) for USART_Init
    hlw8032.o(i.uart2_init) refers to stm32f10x_usart.o(i.USART_ITConfig) for USART_ITConfig
    hlw8032.o(i.uart2_init) refers to stm32f10x_usart.o(i.USART_Cmd) for USART_Cmd
    key.o(i.EXTI0_IRQHandler) refers to stm32f10x_exti.o(i.EXTI_GetITStatus) for EXTI_GetITStatus
    key.o(i.EXTI0_IRQHandler) refers to delay.o(i.delay_ms) for delay_ms
    key.o(i.EXTI0_IRQHandler) refers to stm32f10x_gpio.o(i.GPIO_ReadInputDataBit) for GPIO_ReadInputDataBit
    key.o(i.EXTI0_IRQHandler) refers to f2d.o(.text) for __aeabi_f2d
    key.o(i.EXTI0_IRQHandler) refers to dadd.o(.text) for __aeabi_dadd
    key.o(i.EXTI0_IRQHandler) refers to d2f.o(.text) for __aeabi_d2f
    key.o(i.EXTI0_IRQHandler) refers to stm32f10x_exti.o(i.EXTI_ClearITPendingBit) for EXTI_ClearITPendingBit
    key.o(i.EXTI0_IRQHandler) refers to spwm.o(.data) for k
    key.o(i.EXTI1_IRQHandler) refers to stm32f10x_exti.o(i.EXTI_GetITStatus) for EXTI_GetITStatus
    key.o(i.EXTI1_IRQHandler) refers to delay.o(i.delay_ms) for delay_ms
    key.o(i.EXTI1_IRQHandler) refers to stm32f10x_gpio.o(i.GPIO_ReadInputDataBit) for GPIO_ReadInputDataBit
    key.o(i.EXTI1_IRQHandler) refers to f2d.o(.text) for __aeabi_f2d
    key.o(i.EXTI1_IRQHandler) refers to dadd.o(.text) for __aeabi_dsub
    key.o(i.EXTI1_IRQHandler) refers to d2f.o(.text) for __aeabi_d2f
    key.o(i.EXTI1_IRQHandler) refers to stm32f10x_exti.o(i.EXTI_ClearITPendingBit) for EXTI_ClearITPendingBit
    key.o(i.EXTI1_IRQHandler) refers to spwm.o(.data) for k
    key.o(i.EXTI2_IRQHandler) refers to stm32f10x_exti.o(i.EXTI_GetITStatus) for EXTI_GetITStatus
    key.o(i.EXTI2_IRQHandler) refers to delay.o(i.delay_ms) for delay_ms
    key.o(i.EXTI2_IRQHandler) refers to stm32f10x_gpio.o(i.GPIO_ReadInputDataBit) for GPIO_ReadInputDataBit
    key.o(i.EXTI2_IRQHandler) refers to stm32f10x_exti.o(i.EXTI_ClearITPendingBit) for EXTI_ClearITPendingBit
    key.o(i.EXTI2_IRQHandler) refers to spwm.o(.data) for k
    key.o(i.key_init) refers to stm32f10x_rcc.o(i.RCC_APB2PeriphClockCmd) for RCC_APB2PeriphClockCmd
    key.o(i.key_init) refers to stm32f10x_gpio.o(i.GPIO_Init) for GPIO_Init
    key.o(i.key_init) refers to stm32f10x_gpio.o(i.GPIO_EXTILineConfig) for GPIO_EXTILineConfig
    key.o(i.key_init) refers to stm32f10x_exti.o(i.EXTI_Init) for EXTI_Init
    key.o(i.key_init) refers to misc.o(i.NVIC_Init) for NVIC_Init
[...]
    printf7.o(i.__0sprintf$7) refers to printf7.o(i._printf_core) for _printf_core
    printf7.o(i.__0sprintf$7) refers to printf7.o(i._sputc) for _sputc
    printf7.o(i.__0vfprintf$7) refers to printf7.o(i._printf_core) for _printf_core
    printf7.o(i.__0vfprintf$7) refers to usart.o(i.fputc) for fputc
    printf7.o(i.__0vprintf$7) refers to printf7.o(i._printf_core) for _printf_core
    printf7.o(i.__0vprintf$7) refers to usart.o(i.fputc) for fputc
    printf7.o(i.__0vprintf$7) refers to usart.o(.data) for __stdout
    printf7.o(i.__0vsnprintf$7) refers to printf7.o(i._printf_core) for _printf_core
    printf7.o(i.__0vsnprintf$7) refers to printf7.o(i._snputc) for _snputc
    printf7.o(i.__0vsprintf$7) refers to printf7.o(i._printf_core) for _printf_core
    printf7.o(i.__0vsprintf$7) refers to printf7.o(i._sputc) for _sputc
    printf7.o(i._printf_core) refers to printf7.o(i._printf_pre_padding) for _printf_pre_padding
    printf7.o(i._printf_core) refers to uldiv.o(.text) for __aeabi_uldivmod
    printf7.o(i._printf_core) refers to printf7.o(i._printf_post_padding) for _printf_post_padding
    printf8.o(i.__0fprintf$8) refers to printf8.o(i._printf_core) for _printf_core
    printf8.o(i.__0fprintf$8) refers to usart.o(i.fputc) for fputc
    printf8.o(i.__0printf$8) refers to printf8.o(i._printf_core) for _printf_core
    printf8.o(i.__0printf$8) refers to usart.o(i.fputc) for fputc
    printf8.o(i.__0printf$8) refers to usart.o(.data) for __stdout
    printf8.o(i.__0snprintf$8) refers to printf8.o(i._printf_core) for _printf_core
    printf8.o(i.__0snprintf$8) refers to printf8.o(i._snputc) for _snputc
    printf8.o(i.__0sprintf$8) refers to printf8.o(i._printf_core) for _printf_core
    printf8.o(i.__0sprintf$8) refers to printf8.o(i._sputc) for _sputc
    printf8.o(i.__0vfprintf$8) refers to printf8.o(i._printf_core) for _printf_core
    printf8.o(i.__0vfprintf$8) refers to usart.o(i.fputc) for fputc
    printf8.o(i.__0vprintf$8) refers to printf8.o(i._printf_core) for _printf_core
    printf8.o(i.__0vprintf$8) refers to usart.o(i.fputc) for fputc
    printf8.o(i.__0vprintf$8) refers to usart.o(.data) for __stdout
    printf8.o(i.__0vsnprintf$8) refers to printf8.o(i._printf_core) for _printf_core
    printf8.o(i.__0vsnprintf$8) refers to printf8.o(i._snputc) for _snputc
    printf8.o(i.__0vsprintf$8) refers to printf8.o(i._printf_core) for _printf_core
    printf8.o(i.__0vsprintf$8) refers to printf8.o(i._sputc) for _sputc
    printf8.o(i._printf_core) refers to printf8.o(i._printf_pre_padding) for _printf_pre_padding
    printf8.o(i._printf_core) refers to uldiv.o(.text) for __aeabi_uldivmod
    printf8.o(i._printf_core) refers to printf8.o(i._printf_post_padding) for _printf_post_padding
    printfa.o(i.__0fprintf) refers (Special) to iusefp.o(.text) for __I$use$fp
    printfa.o(i.__0fprintf) refers to printfa.o(i._printf_core) for _printf_core
    printfa.o(i.__0fprintf) refers to usart.o(i.fputc) for fputc
    printfa.o(i.__0printf) refers (Special) to iusefp.o(.text) for __I$use$fp
    printfa.o(i.__0printf) refers to printfa.o(i._printf_core) for _printf_core
    printfa.o(i.__0printf) refers to usart.o(i.fputc) for fputc
    printfa.o(i.__0printf) refers to usart.o(.data) for __stdout
    printfa.o(i.__0snprintf) refers (Special) to iusefp.o(.text) for __I$use$fp
    printfa.o(i.__0snprintf) refers to printfa.o(i._printf_core) for _printf_core
    printfa.o(i.__0snprintf) refers to printfa.o(i._snputc) for _snputc
    printfa.o(i.__0sprintf) refers (Special) to iusefp.o(.text) for __I$use$fp
    printfa.o(i.__0sprintf) refers to printfa.o(i._printf_core) for _printf_core
    printfa.o(i.__0sprintf) refers to printfa.o(i._sputc) for _sputc
    printfa.o(i.__0vfprintf) refers (Special) to iusefp.o(.text) for __I$use$fp
    printfa.o(i.__0vfprintf) refers to printfa.o(i._printf_core) for _printf_core
    printfa.o(i.__0vfprintf) refers to usart.o(i.fputc) for fputc
    printfa.o(i.__0vprintf) refers (Special) to iusefp.o(.text) for __I$use$fp
    printfa.o(i.__0vprintf) refers to printfa.o(i._printf_core) for _printf_core
    printfa.o(i.__0vprintf) refers to usart.o(i.fputc) for fputc
    printfa.o(i.__0vprintf) refers to usart.o(.data) for __stdout
    printfa.o(i.__0vsnprintf) refers (Special) to iusefp.o(.text) for __I$use$fp
    printfa.o(i.__0vsnprintf) refers to printfa.o(i._printf_core) for _printf_core
    printfa.o(i.__0vsnprintf) refers to printfa.o(i._snputc) for _snputc
    printfa.o(i.__0vsprintf) refers (Special) to iusefp.o(.text) for __I$use$fp
    printfa.o(i.__0vsprintf) refers to printfa.o(i._printf_core) for _printf_core
    printfa.o(i.__0vsprintf) refers to printfa.o(i._sputc) for _sputc
    printfa.o(i._fp_digits) refers (Special) to iusefp.o(.text) for __I$use$fp
    printfa.o(i._fp_digits) refers to dmul.o(.text) for __aeabi_dmul
    printfa.o(i._fp_digits) refers to ddiv.o(.text) for __aeabi_ddiv
    printfa.o(i._fp_digits) refers to cdrcmple.o(.text) for __aeabi_cdrcmple
    printfa.o(i._fp_digits) refers to dadd.o(.text) for __aeabi_dadd
    printfa.o(i._fp_digits) refers to dfixul.o(.text) for __aeabi_d2ulz
    printfa.o(i._fp_digits) refers to uldiv.o(.text) for __aeabi_uldivmod
    printfa.o(i._printf_core) refers (Special) to iusefp.o(.text) for __I$use$fp
    printfa.o(i._printf_core) refers to printfa.o(i._printf_pre_padding) for _printf_pre_padding
    printfa.o(i._printf_core) refers to uldiv.o(.text) for __aeabi_uldivmod
    printfa.o(i._printf_core) refers to printfa.o(i._printf_post_padding) for _printf_post_padding
    printfa.o(i._printf_core) refers to printfa.o(i._fp_digits) for _fp_digits
    printfa.o(i._printf_core) refers to uidiv.o(.text) for __aeabi_uidivmod
    printfa.o(i._printf_post_padding) refers (Special) to iusefp.o(.text) for __I$use$fp
    printfa.o(i._printf_pre_padding) refers (Special) to iusefp.o(.text) for __I$use$fp
    printfa.o(i._snputc) refers (Special) to iusefp.o(.text) for __I$use$fp
    printfa.o(i._sputc) refers (Special) to iusefp.o(.text) for __I$use$fp
    fadd.o(.text) refers (Special) to iusefp.o(.text) for __I$use$fp
    fadd.o(.text) refers to fepilogue.o(.text) for _float_epilogue
    fmul.o(.text) refers (Special) to iusefp.o(.text) for __I$use$fp
    fdiv.o(.text) refers (Special) to iusefp.o(.text) for __I$use$fp
    fdiv.o(.text) refers to fepilogue.o(.text) for _float_round
    dadd.o(.text) refers (Special) to iusefp.o(.text) for __I$use$fp
    dadd.o(.text) refers to llshl.o(.text) for __aeabi_llsl
    dadd.o(.text) refers to llsshr.o(.text) for __aeabi_lasr
    dadd.o(.text) refers to depilogue.o(.text) for _double_epilogue
    dmul.o(.text) refers (Special) to iusefp.o(.text) for __I$use$fp
    dmul.o(.text) refers to depilogue.o(.text) for _double_epilogue
    ddiv.o(.text) refers (Special) to iusefp.o(.text) for __I$use$fp
    ddiv.o(.text) refers to depilogue.o(.text) for _double_round
    ffltui.o(.text) refers (Special) to iusefp.o(.text) for __I$use$fp
    ffltui.o(.text) refers to fepilogue.o(.text) for _float_epilogue
    dfltui.o(.text) refers (Special) to iusefp.o(.text) for __I$use$fp
    dfltui.o(.text) refers to depilogue.o(.text) for _double_epilogue
    ffixui.o(.text) refers (Special) to iusefp.o(.text) for __I$use$fp
    dfixui.o(.text) refers (Special) to iusefp.o(.text) for __I$use$fp
    dfixui.o(.text) refers to llushr.o(.text) for __aeabi_llsr
    f2d.o(.text) refers (Special) to iusefp.o(.text) for __I$use$fp
    cdcmple.o(.text) refers (Special) to iusefp.o(.text) for __I$use$fp
    cdrcmple.o(.text) refers (Special) to iusefp.o(.text) for __I$use$fp
    d2f.o(.text) refers (Special) to iusefp.o(.text) for __I$use$fp
    d2f.o(.text) refers to fepilogue.o(.text) for _float_round
    cfcmple.o(.text) refers (Special) to iusefp.o(.text) for __I$use$fp
    cfrcmple.o(.text) refers (Special) to iusefp.o(.text) for __I$use$fp
    entry2.o(.ARM.Collect$$$$00000001) refers to entry2.o(.ARM.Collect$$$$00002712) for __lit__00000000
    entry2.o(.ARM.Collect$$$$00002712) refers to startup_stm32f10x_hd.o(STACK) for __initial_sp
    entry2.o(__vectab_stack_and_reset_area) refers to startup_stm32f10x_hd.o(STACK) for __initial_sp
    entry2.o(__vectab_stack_and_reset_area) refers to entry.o(.ARM.Collect$$$$00000000) for __main
    entry5.o(.ARM.Collect$$$$00000004) refers to init.o(.text) for __scatterload
    entry9a.o(.ARM.Collect$$$$0000000B) refers to main.o(i.main) for main
    entry9b.o(.ARM.Collect$$$$0000000C) refers to main.o(i.main) for main
    uldiv.o(.text) refers to llushr.o(.text) for __aeabi_llsr
    uldiv.o(.text) refers to llshl.o(.text) for __aeabi_llsl
    depilogue.o(.text) refers to llshl.o(.text) for __aeabi_llsl
    depilogue.o(.text) refers to llushr.o(.text) for __aeabi_llsr
    dfixul.o(.text) refers to llushr.o(.text) for __aeabi_llsr
    dfixul.o(.text) refers to llshl.o(.text) for __aeabi_llsl
    init.o(.text) refers to entry5.o(.ARM.Collect$$$$00000004) for __main_after_scatterload


==============================================================================

Removing Unused input sections from the image.

    Removing core_cm3.o(.emb_text), (32 bytes).
    Removing adc.o(i.Get_Adc), (52 bytes).
    Removing adc.o(i.Get_Adc_Average), (46 bytes).
    Removing adc.o(i.adc_init), (156 bytes).
    Removing oled.o(i.OLED_Display_Off), (28 bytes).
    Removing oled.o(i.OLED_Display_On), (28 bytes).
    Removing oled.o(i.OLED_Fill), (58 bytes).
    Removing oled.o(i.OLED_ShowString), (94 bytes).
    Removing pid.o(i.pid_calculation), (280 bytes).
    Removing pid.o(i.pid_init), (56 bytes).
    Removing pid.o(.bss), (48 bytes).
    Removing spwm.o(i.tim2_init), (96 bytes).
    Removing misc.o(i.NVIC_SetVectorTable), (20 bytes).
    Removing misc.o(i.NVIC_SystemLPConfig), (32 bytes).
    Removing stm32f10x_adc.o(i.ADC_AnalogWatchdogCmd), (20 bytes).
    Removing stm32f10x_adc.o(i.ADC_AnalogWatchdogSingleChannelConfig), (16 bytes).
    Removing stm32f10x_adc.o(i.ADC_AnalogWatchdogThresholdsConfig), (6 bytes).
    Removing stm32f10x_adc.o(i.ADC_AutoInjectedConvCmd), (22 bytes).
    Removing stm32f10x_adc.o(i.ADC_ClearFlag), (6 bytes).
    Removing stm32f10x_adc.o(i.ADC_ClearITPendingBit), (10 bytes).
    Removing stm32f10x_adc.o(i.ADC_Cmd), (22 bytes).
    Removing stm32f10x_adc.o(i.ADC_DMACmd), (22 bytes).
    Removing stm32f10x_adc.o(i.ADC_DeInit), (92 bytes).
    Removing stm32f10x_adc.o(i.ADC_DiscModeChannelCountConfig), (24 bytes).
    Removing stm32f10x_adc.o(i.ADC_DiscModeCmd), (22 bytes).
    Removing stm32f10x_adc.o(i.ADC_ExternalTrigConvCmd), (22 bytes).
    Removing stm32f10x_adc.o(i.ADC_ExternalTrigInjectedConvCmd), (22 bytes).
    Removing stm32f10x_adc.o(i.ADC_ExternalTrigInjectedConvConfig), (16 bytes).
    Removing stm32f10x_adc.o(i.ADC_GetCalibrationStatus), (20 bytes).
    Removing stm32f10x_adc.o(i.ADC_GetConversionValue), (8 bytes).
    Removing stm32f10x_adc.o(i.ADC_GetDualModeConversionValue), (12 bytes).
    Removing stm32f10x_adc.o(i.ADC_GetFlagStatus), (18 bytes).
    Removing stm32f10x_adc.o(i.ADC_GetITStatus), (36 bytes).
    Removing stm32f10x_adc.o(i.ADC_GetInjectedConversionValue), (28 bytes).
    Removing stm32f10x_adc.o(i.ADC_GetResetCalibrationStatus), (20 bytes).
    Removing stm32f10x_adc.o(i.ADC_GetSoftwareStartConvStatus), (20 bytes).
    Removing stm32f10x_adc.o(i.ADC_GetSoftwareStartInjectedConvCmdStatus), (20 bytes).
    Removing stm32f10x_adc.o(i.ADC_ITConfig), (24 bytes).
    Removing stm32f10x_adc.o(i.ADC_Init), (80 bytes).
    Removing stm32f10x_adc.o(i.ADC_InjectedChannelConfig), (130 bytes).
    Removing stm32f10x_adc.o(i.ADC_InjectedDiscModeCmd), (22 bytes).
    Removing stm32f10x_adc.o(i.ADC_InjectedSequencerLengthConfig), (24 bytes).
    Removing stm32f10x_adc.o(i.ADC_RegularChannelConfig), (184 bytes).
    Removing stm32f10x_adc.o(i.ADC_ResetCalibration), (10 bytes).
    Removing stm32f10x_adc.o(i.ADC_SetInjectedOffset), (20 bytes).
    Removing stm32f10x_adc.o(i.ADC_SoftwareStartConvCmd), (22 bytes).
    Removing stm32f10x_adc.o(i.ADC_SoftwareStartInjectedConvCmd), (22 bytes).
    Removing stm32f10x_adc.o(i.ADC_StartCalibration), (10 bytes).
    Removing stm32f10x_adc.o(i.ADC_StructInit), (18 bytes).
    Removing stm32f10x_adc.o(i.ADC_TempSensorVrefintCmd), (36 bytes).
    Removing stm32f10x_dma.o(i.DMA_ClearFlag), (28 bytes).
    Removing stm32f10x_dma.o(i.DMA_ClearITPendingBit), (28 bytes).
    Removing stm32f10x_dma.o(i.DMA_Cmd), (24 bytes).
    Removing stm32f10x_dma.o(i.DMA_DeInit), (332 bytes).
    Removing stm32f10x_dma.o(i.DMA_GetCurrDataCounter), (8 bytes).
    Removing stm32f10x_dma.o(i.DMA_GetFlagStatus), (44 bytes).
    Removing stm32f10x_dma.o(i.DMA_GetITStatus), (44 bytes).
    Removing stm32f10x_dma.o(i.DMA_ITConfig), (18 bytes).
    Removing stm32f10x_dma.o(i.DMA_Init), (60 bytes).
    Removing stm32f10x_dma.o(i.DMA_SetCurrDataCounter), (4 bytes).
    Removing stm32f10x_dma.o(i.DMA_StructInit), (26 bytes).
    Removing stm32f10x_exti.o(i.EXTI_ClearFlag), (12 bytes).
    Removing stm32f10x_exti.o(i.EXTI_DeInit), (36 bytes).
    Removing stm32f10x_exti.o(i.EXTI_GenerateSWInterrupt), (16 bytes).
    Removing stm32f10x_exti.o(i.EXTI_GetFlagStatus), (24 bytes).
    Removing stm32f10x_exti.o(i.EXTI_StructInit), (16 bytes).
    Removing stm32f10x_gpio.o(i.GPIO_AFIODeInit), (20 bytes).
    Removing stm32f10x_gpio.o(i.GPIO_DeInit), (200 bytes).
    Removing stm32f10x_gpio.o(i.GPIO_ETH_MediaInterfaceConfig), (12 bytes).
    Removing stm32f10x_gpio.o(i.GPIO_EventOutputCmd), (12 bytes).
    Removing stm32f10x_gpio.o(i.GPIO_EventOutputConfig), (32 bytes).
    Removing stm32f10x_gpio.o(i.GPIO_PinLockConfig), (18 bytes).
    Removing stm32f10x_gpio.o(i.GPIO_ReadInputData), (8 bytes).
    Removing stm32f10x_gpio.o(i.GPIO_ReadOutputData), (8 bytes).
    Removing stm32f10x_gpio.o(i.GPIO_ReadOutputDataBit), (18 bytes).
    Removing stm32f10x_gpio.o(i.GPIO_ResetBits), (4 bytes).
    Removing stm32f10x_gpio.o(i.GPIO_StructInit), (16 bytes).
    Removing stm32f10x_gpio.o(i.GPIO_Write), (4 bytes).
    Removing stm32f10x_gpio.o(i.GPIO_WriteBit), (10 bytes).
    Removing stm32f10x_rcc.o(i.RCC_ADCCLKConfig), (24 bytes).
    Removing stm32f10x_rcc.o(i.RCC_AHBPeriphClockCmd), (32 bytes).
    Removing stm32f10x_rcc.o(i.RCC_APB1PeriphResetCmd), (32 bytes).
    Removing stm32f10x_rcc.o(i.RCC_APB2PeriphResetCmd), (32 bytes).
    Removing stm32f10x_rcc.o(i.RCC_AdjustHSICalibrationValue), (24 bytes).
    Removing stm32f10x_rcc.o(i.RCC_BackupResetCmd), (12 bytes).
    Removing stm32f10x_rcc.o(i.RCC_ClearFlag), (20 bytes).
    Removing stm32f10x_rcc.o(i.RCC_ClearITPendingBit), (12 bytes).
    Removing stm32f10x_rcc.o(i.RCC_ClockSecuritySystemCmd), (12 bytes).
    Removing stm32f10x_rcc.o(i.RCC_DeInit), (76 bytes).
    Removing stm32f10x_rcc.o(i.RCC_GetFlagStatus), (60 bytes).
    Removing stm32f10x_rcc.o(i.RCC_GetITStatus), (24 bytes).
    Removing stm32f10x_rcc.o(i.RCC_GetSYSCLKSource), (16 bytes).
    Removing stm32f10x_rcc.o(i.RCC_HCLKConfig), (24 bytes).
    Removing stm32f10x_rcc.o(i.RCC_HSEConfig), (76 bytes).
    Removing stm32f10x_rcc.o(i.RCC_HSICmd), (12 bytes).
    Removing stm32f10x_rcc.o(i.RCC_ITConfig), (32 bytes).
    Removing stm32f10x_rcc.o(i.RCC_LSEConfig), (52 bytes).
    Removing stm32f10x_rcc.o(i.RCC_LSICmd), (12 bytes).
    Removing stm32f10x_rcc.o(i.RCC_MCOConfig), (12 bytes).
    Removing stm32f10x_rcc.o(i.RCC_PCLK1Config), (24 bytes).
    Removing stm32f10x_rcc.o(i.RCC_PCLK2Config), (24 bytes).
    Removing stm32f10x_rcc.o(i.RCC_PLLCmd), (12 bytes).
    Removing stm32f10x_rcc.o(i.RCC_PLLConfig), (28 bytes).
    Removing stm32f10x_rcc.o(i.RCC_RTCCLKCmd), (12 bytes).
    Removing stm32f10x_rcc.o(i.RCC_RTCCLKConfig), (16 bytes).
    Removing stm32f10x_rcc.o(i.RCC_SYSCLKConfig), (24 bytes).
    Removing stm32f10x_rcc.o(i.RCC_USBCLKConfig), (12 bytes).
    Removing stm32f10x_rcc.o(i.RCC_WaitForHSEStartUp), (56 bytes).
    Removing stm32f10x_spi.o(i.I2S_Cmd), (24 bytes).
    Removing stm32f10x_spi.o(i.I2S_Init), (232 bytes).
    Removing stm32f10x_spi.o(i.I2S_StructInit), (20 bytes).
    Removing stm32f10x_spi.o(i.SPI_BiDirectionalLineConfig), (28 bytes).
    Removing stm32f10x_spi.o(i.SPI_CalculateCRC), (24 bytes).
    Removing stm32f10x_spi.o(i.SPI_Cmd), (24 bytes).
    Removing stm32f10x_spi.o(i.SPI_DataSizeConfig), (18 bytes).
    Removing stm32f10x_spi.o(i.SPI_GetCRC), (16 bytes).
    Removing stm32f10x_spi.o(i.SPI_GetCRCPolynomial), (6 bytes).
    Removing stm32f10x_spi.o(i.SPI_I2S_ClearFlag), (6 bytes).
    Removing stm32f10x_spi.o(i.SPI_I2S_ClearITPendingBit), (20 bytes).
    Removing stm32f10x_spi.o(i.SPI_I2S_DMACmd), (18 bytes).
    Removing stm32f10x_spi.o(i.SPI_I2S_DeInit), (88 bytes).
    Removing stm32f10x_spi.o(i.SPI_I2S_GetFlagStatus), (18 bytes).
    Removing stm32f10x_spi.o(i.SPI_I2S_GetITStatus), (52 bytes).
    Removing stm32f10x_spi.o(i.SPI_I2S_ITConfig), (32 bytes).
    Removing stm32f10x_spi.o(i.SPI_I2S_ReceiveData), (6 bytes).
    Removing stm32f10x_spi.o(i.SPI_I2S_SendData), (4 bytes).
    Removing stm32f10x_spi.o(i.SPI_Init), (60 bytes).
    Removing stm32f10x_spi.o(i.SPI_NSSInternalSoftwareConfig), (30 bytes).
    Removing stm32f10x_spi.o(i.SPI_SSOutputCmd), (24 bytes).
    Removing stm32f10x_spi.o(i.SPI_StructInit), (24 bytes).
    Removing stm32f10x_spi.o(i.SPI_TransmitCRC), (10 bytes).
    Removing stm32f10x_tim.o(i.TI1_Config), (128 bytes).
    Removing stm32f10x_tim.o(i.TI2_Config), (152 bytes).
    Removing stm32f10x_tim.o(i.TI3_Config), (144 bytes).
    Removing stm32f10x_tim.o(i.TI4_Config), (152 bytes).
    Removing stm32f10x_tim.o(i.TIM_BDTRStructInit), (18 bytes).
    Removing stm32f10x_tim.o(i.TIM_CCPreloadControl), (24 bytes).
    Removing stm32f10x_tim.o(i.TIM_CCxCmd), (30 bytes).
    Removing stm32f10x_tim.o(i.TIM_CCxNCmd), (30 bytes).
    Removing stm32f10x_tim.o(i.TIM_ClearFlag), (6 bytes).
    Removing stm32f10x_tim.o(i.TIM_ClearOC1Ref), (18 bytes).
    Removing stm32f10x_tim.o(i.TIM_ClearOC2Ref), (24 bytes).
    Removing stm32f10x_tim.o(i.TIM_ClearOC3Ref), (18 bytes).
    Removing stm32f10x_tim.o(i.TIM_ClearOC4Ref), (24 bytes).
    Removing stm32f10x_tim.o(i.TIM_CounterModeConfig), (18 bytes).
    Removing stm32f10x_tim.o(i.TIM_DMACmd), (18 bytes).
    Removing stm32f10x_tim.o(i.TIM_DMAConfig), (10 bytes).
    Removing stm32f10x_tim.o(i.TIM_DeInit), (488 bytes).
    Removing stm32f10x_tim.o(i.TIM_ETRClockMode1Config), (54 bytes).
    Removing stm32f10x_tim.o(i.TIM_ETRClockMode2Config), (32 bytes).
    Removing stm32f10x_tim.o(i.TIM_ETRConfig), (28 bytes).
    Removing stm32f10x_tim.o(i.TIM_EncoderInterfaceConfig), (66 bytes).
    Removing stm32f10x_tim.o(i.TIM_ForcedOC1Config), (18 bytes).
    Removing stm32f10x_tim.o(i.TIM_ForcedOC2Config), (26 bytes).
    Removing stm32f10x_tim.o(i.TIM_ForcedOC3Config), (18 bytes).
    Removing stm32f10x_tim.o(i.TIM_ForcedOC4Config), (26 bytes).
    Removing stm32f10x_tim.o(i.TIM_GenerateEvent), (4 bytes).
    Removing stm32f10x_tim.o(i.TIM_GetCapture1), (6 bytes).
    Removing stm32f10x_tim.o(i.TIM_GetCapture2), (6 bytes).
    Removing stm32f10x_tim.o(i.TIM_GetCapture3), (6 bytes).
    Removing stm32f10x_tim.o(i.TIM_GetCapture4), (8 bytes).
    Removing stm32f10x_tim.o(i.TIM_GetCounter), (6 bytes).
    Removing stm32f10x_tim.o(i.TIM_GetFlagStatus), (18 bytes).
    Removing stm32f10x_tim.o(i.TIM_GetPrescaler), (6 bytes).
    Removing stm32f10x_tim.o(i.TIM_ICInit), (172 bytes).
    Removing stm32f10x_tim.o(i.TIM_ICStructInit), (18 bytes).
    Removing stm32f10x_tim.o(i.TIM_ITRxExternalClockConfig), (24 bytes).
    Removing stm32f10x_tim.o(i.TIM_InternalClockConfig), (12 bytes).
    Removing stm32f10x_tim.o(i.TIM_OC1FastConfig), (18 bytes).
    Removing stm32f10x_tim.o(i.TIM_OC1Init), (152 bytes).
    Removing stm32f10x_tim.o(i.TIM_OC1NPolarityConfig), (18 bytes).
    Removing stm32f10x_tim.o(i.TIM_OC1PolarityConfig), (18 bytes).
    Removing stm32f10x_tim.o(i.TIM_OC1PreloadConfig), (18 bytes).
    Removing stm32f10x_tim.o(i.TIM_OC2FastConfig), (26 bytes).
    Removing stm32f10x_tim.o(i.TIM_OC2Init), (164 bytes).
    Removing stm32f10x_tim.o(i.TIM_OC2NPolarityConfig), (26 bytes).
    Removing stm32f10x_tim.o(i.TIM_OC2PolarityConfig), (26 bytes).
    Removing stm32f10x_tim.o(i.TIM_OC2PreloadConfig), (26 bytes).
    Removing stm32f10x_tim.o(i.TIM_OC3FastConfig), (18 bytes).
    Removing stm32f10x_tim.o(i.TIM_OC3NPolarityConfig), (26 bytes).
    Removing stm32f10x_tim.o(i.TIM_OC3PolarityConfig), (26 bytes).
    Removing stm32f10x_tim.o(i.TIM_OC4FastConfig), (26 bytes).
    Removing stm32f10x_tim.o(i.TIM_OC4Init), (124 bytes).
    Removing stm32f10x_tim.o(i.TIM_OC4PolarityConfig), (26 bytes).
    Removing stm32f10x_tim.o(i.TIM_OC4PreloadConfig), (26 bytes).
    Removing stm32f10x_tim.o(i.TIM_OCStructInit), (20 bytes).
    Removing stm32f10x_tim.o(i.TIM_PWMIConfig), (124 bytes).
    Removing stm32f10x_tim.o(i.TIM_PrescalerConfig), (6 bytes).
    Removing stm32f10x_tim.o(i.TIM_SelectCCDMA), (24 bytes).
    Removing stm32f10x_tim.o(i.TIM_SelectCOM), (24 bytes).
    Removing stm32f10x_tim.o(i.TIM_SelectHallSensor), (24 bytes).
    Removing stm32f10x_tim.o(i.TIM_SelectInputTrigger), (18 bytes).
    Removing stm32f10x_tim.o(i.TIM_SelectMasterSlaveMode), (18 bytes).
    Removing stm32f10x_tim.o(i.TIM_SelectOCxM), (82 bytes).
    Removing stm32f10x_tim.o(i.TIM_SelectOnePulseMode), (18 bytes).
    Removing stm32f10x_tim.o(i.TIM_SelectOutputTrigger), (18 bytes).
    Removing stm32f10x_tim.o(i.TIM_SelectSlaveMode), (18 bytes).
    Removing stm32f10x_tim.o(i.TIM_SetClockDivision), (18 bytes).
    Removing stm32f10x_tim.o(i.TIM_SetCompare1), (4 bytes).
    Removing stm32f10x_tim.o(i.TIM_SetCompare2), (4 bytes).
    Removing stm32f10x_tim.o(i.TIM_SetCompare4), (6 bytes).
    Removing stm32f10x_tim.o(i.TIM_SetCounter), (4 bytes).
    Removing stm32f10x_tim.o(i.TIM_SetIC1Prescaler), (18 bytes).
    Removing stm32f10x_tim.o(i.TIM_SetIC2Prescaler), (26 bytes).
    Removing stm32f10x_tim.o(i.TIM_SetIC3Prescaler), (18 bytes).
    Removing stm32f10x_tim.o(i.TIM_SetIC4Prescaler), (26 bytes).
    Removing stm32f10x_tim.o(i.TIM_TIxExternalClockConfig), (62 bytes).
    Removing stm32f10x_tim.o(i.TIM_TimeBaseStructInit), (18 bytes).
    Removing stm32f10x_tim.o(i.TIM_UpdateDisableConfig), (24 bytes).
    Removing stm32f10x_tim.o(i.TIM_UpdateRequestConfig), (24 bytes).
    Removing stm32f10x_usart.o(i.USART_ClearFlag), (18 bytes).
    Removing stm32f10x_usart.o(i.USART_ClearITPendingBit), (30 bytes).
    Removing stm32f10x_usart.o(i.USART_ClockInit), (34 bytes).
    Removing stm32f10x_usart.o(i.USART_ClockStructInit), (12 bytes).
    Removing stm32f10x_usart.o(i.USART_DMACmd), (18 bytes).
    Removing stm32f10x_usart.o(i.USART_DeInit), (156 bytes).
    Removing stm32f10x_usart.o(i.USART_GetFlagStatus), (26 bytes).
    Removing stm32f10x_usart.o(i.USART_HalfDuplexCmd), (24 bytes).
    Removing stm32f10x_usart.o(i.USART_IrDACmd), (24 bytes).
    Removing stm32f10x_usart.o(i.USART_IrDAConfig), (18 bytes).
    Removing stm32f10x_usart.o(i.USART_LINBreakDetectLengthConfig), (18 bytes).
    Removing stm32f10x_usart.o(i.USART_LINCmd), (24 bytes).
    Removing stm32f10x_usart.o(i.USART_OneBitMethodCmd), (24 bytes).
    Removing stm32f10x_usart.o(i.USART_OverSampling8Cmd), (22 bytes).
    Removing stm32f10x_usart.o(i.USART_ReceiverWakeUpCmd), (24 bytes).
    Removing stm32f10x_usart.o(i.USART_SendBreak), (10 bytes).
    Removing stm32f10x_usart.o(i.USART_SendData), (8 bytes).
    Removing stm32f10x_usart.o(i.USART_SetAddress), (18 bytes).
    Removing stm32f10x_usart.o(i.USART_SetGuardTime), (16 bytes).
    Removing stm32f10x_usart.o(i.USART_SetPrescaler), (16 bytes).
    Removing stm32f10x_usart.o(i.USART_SmartCardCmd), (24 bytes).
    Removing stm32f10x_usart.o(i.USART_SmartCardNACKCmd), (24 bytes).
    Removing stm32f10x_usart.o(i.USART_StructInit), (24 bytes).
    Removing stm32f10x_usart.o(i.USART_WakeUpConfig), (18 bytes).
    Removing delay.o(i.delay_us), (76 bytes).
    Removing sys.o(.emb_text), (6 bytes).
    Removing sys.o(i.INTX_DISABLE), (4 bytes).
    Removing sys.o(i.INTX_ENABLE), (4 bytes).
    Removing sys.o(i.WFI_SET), (4 bytes).
    Removing usart.o(i._sys_exit), (4 bytes).
    Removing system_stm32f10x.o(i.SystemCoreClockUpdate), (164 bytes).
    Removing startup_stm32f10x_hd.o(HEAP), (512 bytes).

242 unused section(s) (total 9472 bytes) removed from the image.

==============================================================================

Image Symbol Table

    Local Symbols

    Symbol Name                              Value     Ov Type        Size  Object(Section)

    ../clib/microlib/division.c              0x00000000   Number         0  uidiv.o ABSOLUTE
    ../clib/microlib/division.c              0x00000000   Number         0  uldiv.o ABSOLUTE
    ../clib/microlib/init/entry.s            0x00000000   Number         0  entry10b.o ABSOLUTE
    ../clib/microlib/init/entry.s            0x00000000   Number         0  entry8b.o ABSOLUTE
    ../clib/microlib/init/entry.s            0x00000000   Number         0  entry9a.o ABSOLUTE
    ../clib/microlib/init/entry.s            0x00000000   Number         0  entry7a.o ABSOLUTE
    ../clib/microlib/init/entry.s            0x00000000   Number         0  entry7b.o ABSOLUTE
    ../clib/microlib/init/entry.s            0x00000000   Number         0  entry2.o ABSOLUTE
    ../clib/microlib/init/entry.s            0x00000000   Number         0  entry5.o ABSOLUTE
    ../clib/microlib/init/entry.s            0x00000000   Number         0  entry11b.o ABSOLUTE
    ../clib/microlib/init/entry.s            0x00000000   Number         0  entry11a.o ABSOLUTE
    ../clib/microlib/init/entry.s            0x00000000   Number         0  entry10a.o ABSOLUTE
    ../clib/microlib/init/entry.s            0x00000000   Number         0  entry8a.o ABSOLUTE
    ../clib/microlib/init/entry.s            0x00000000   Number         0  entry9b.o ABSOLUTE
    ../clib/microlib/init/entry.s            0x00000000   Number         0  entry.o ABSOLUTE
    ../clib/microlib/longlong.c              0x00000000   Number         0  llsshr.o ABSOLUTE
    ../clib/microlib/longlong.c              0x00000000   Number         0  llushr.o ABSOLUTE
    ../clib/microlib/longlong.c              0x00000000   Number         0  llshl.o ABSOLUTE
    ../clib/microlib/printf/printf.c         0x00000000   Number         0  printf1.o ABSOLUTE
    ../clib/microlib/printf/printf.c         0x00000000   Number         0  printfb.o ABSOLUTE
    ../clib/microlib/printf/printf.c         0x00000000   Number         0  printfa.o ABSOLUTE
    ../clib/microlib/printf/printf.c         0x00000000   Number         0  printf2.o ABSOLUTE
    ../clib/microlib/printf/printf.c         0x00000000   Number         0  printf8.o ABSOLUTE
    ../clib/microlib/printf/printf.c         0x00000000   Number         0  printf7.o ABSOLUTE
    ../clib/microlib/printf/printf.c         0x00000000   Number         0  printf6.o ABSOLUTE
    ../clib/microlib/printf/printf.c         0x00000000   Number         0  printf5.o ABSOLUTE
    ../clib/microlib/printf/printf.c         0x00000000   Number         0  printf0.o ABSOLUTE
    ../clib/microlib/printf/printf.c         0x00000000   Number         0  printf4.o ABSOLUTE
    ../clib/microlib/printf/printf.c         0x00000000   Number         0  printf3.o ABSOLUTE
    ../clib/microlib/printf/stubs.s          0x00000000   Number         0  stubs.o ABSOLUTE
    ../clib/microlib/stubs.s                 0x00000000   Number         0  iusefp.o ABSOLUTE
    ../clib/microlib/stubs.s                 0x00000000   Number         0  useno.o ABSOLUTE
    ../fplib/microlib/d2f.c                  0x00000000   Number         0  d2f.o ABSOLUTE
    ../fplib/microlib/f2d.c                  0x00000000   Number         0  f2d.o ABSOLUTE
    ../fplib/microlib/fpadd.c                0x00000000   Number         0  fadd.o ABSOLUTE
    ../fplib/microlib/fpadd.c                0x00000000   Number         0  dadd.o ABSOLUTE
    ../fplib/microlib/fpdiv.c                0x00000000   Number         0  ddiv.o ABSOLUTE
    ../fplib/microlib/fpdiv.c                0x00000000   Number         0  fdiv.o ABSOLUTE
    ../fplib/microlib/fpepilogue.c           0x00000000   Number         0  depilogue.o ABSOLUTE
    ../fplib/microlib/fpepilogue.c           0x00000000   Number         0  fepilogue.o ABSOLUTE
    ../fplib/microlib/fpfix.c                0x00000000   Number         0  dfixul.o ABSOLUTE
    ../fplib/microlib/fpfix.c                0x00000000   Number         0  dfixui.o ABSOLUTE
    ../fplib/microlib/fpfix.c                0x00000000   Number         0  ffixui.o ABSOLUTE
    ../fplib/microlib/fpflt.c                0x00000000   Number         0  ffltui.o ABSOLUTE
    ../fplib/microlib/fpflt.c                0x00000000   Number         0  dfltui.o ABSOLUTE
    ../fplib/microlib/fpmul.c                0x00000000   Number         0  fmul.o ABSOLUTE
    ../fplib/microlib/fpmul.c                0x00000000   Number         0  dmul.o ABSOLUTE
    .\main.c                                 0x00000000   Number         0  main.o ABSOLUTE
    .\stm32f10x_it.c                         0x00000000   Number         0  stm32f10x_it.o ABSOLUTE
    .\system_stm32f10x.c                     0x00000000   Number         0  system_stm32f10x.o ABSOLUTE
    cdcmple.s                                0x00000000   Number         0  cdcmple.o ABSOLUTE
    cdrcmple.s                               0x00000000   Number         0  cdrcmple.o ABSOLUTE
    cfcmple.s                                0x00000000   Number         0  cfcmple.o ABSOLUTE
    cfrcmple.s                               0x00000000   Number         0  cfrcmple.o ABSOLUTE
    dc.s                                     0x00000000   Number         0  dc.o ABSOLUTE
    e:\Example\电赛\f103rct6\2017_三相逆变\SPWMPID-103\SPWMPID-103\CORE\core_cm3.c 0x00000000   Number         0  core_cm3.o ABSOLUTE
    e:\Example\电赛\f103rct6\2017_三相逆变\SPWMPID-103\SPWMPID-103\CORE\startup_stm32f10x_hd.s 0x00000000   Number         0  startup_stm32f10x_hd.o ABSOLUTE
    e:\Example\电赛\f103rct6\2017_三相逆变\SPWMPID-103\SPWMPID-103\HARDWARE\ADC\adc.c 0x00000000   Number         0  adc.o ABSOLUTE
    e:\Example\电赛\f103rct6\2017_三相逆变\SPWMPID-103\SPWMPID-103\HARDWARE\HLW8032\hlw8032.c 0x00000000   Number         0  hlw8032.o ABSOLUTE
    e:\Example\电赛\f103rct6\2017_三相逆变\SPWMPID-103\SPWMPID-103\HARDWARE\KEY\key.c 0x00000000   Number         0  key.o ABSOLUTE
    e:\Example\电赛\f103rct6\2017_三相逆变\SPWMPID-103\SPWMPID-103\HARDWARE\LED\led.c 0x00000000   Number         0  led.o ABSOLUTE
    e:\Example\电赛\f103rct6\2017_三相逆变\SPWMPID-103\SPWMPID-103\HARDWARE\OLED\oled.c 0x00000000   Number         0  oled.o ABSOLUTE
    e:\Example\电赛\f103rct6\2017_三相逆变\SPWMPID-103\SPWMPID-103\HARDWARE\PID\pid.c 0x00000000   Number         0  pid.o ABSOLUTE
    e:\Example\电赛\f103rct6\2017_三相逆变\SPWMPID-103\SPWMPID-103\HARDWARE\SPWM\spwm.c 0x00000000   Number         0  spwm.o ABSOLUTE
    e:\Example\电赛\f103rct6\2017_三相逆变\SPWMPID-103\SPWMPID-103\STM32F10x_FWLib\src\misc.c 0x00000000   Number         0  misc.o ABSOLUTE
    e:\Example\电赛\f103rct6\2017_三相逆变\SPWMPID-103\SPWMPID-103\STM32F10x_FWLib\src\stm32f10x_adc.c 0x00000000   Number         0  stm32f10x_adc.o ABSOLUTE
    e:\Example\电赛\f103rct6\2017_三相逆变\SPWMPID-103\SPWMPID-103\STM32F10x_FWLib\src\stm32f10x_dma.c 0x00000000   Number         0  stm32f10x_dma.o ABSOLUTE
    e:\Example\电赛\f103rct6\2017_三相逆变\SPWMPID-103\SPWMPID-103\STM32F10x_FWLib\src\stm32f10x_exti.c 0x00000000   Number         0  stm32f10x_exti.o ABSOLUTE
    e:\Example\电赛\f103rct6\2017_三相逆变\SPWMPID-103\SPWMPID-103\STM32F10x_FWLib\src\stm32f10x_gpio.c 0x00000000   Number         0  stm32f10x_gpio.o ABSOLUTE
    e:\Example\电赛\f103rct6\2017_三相逆变\SPWMPID-103\SPWMPID-103\STM32F10x_FWLib\src\stm32f10x_rcc.c 0x00000000   Number         0  stm32f10x_rcc.o ABSOLUTE
    e:\Example\电赛\f103rct6\2017_三相逆变\SPWMPID-103\SPWMPID-103\STM32F10x_FWLib\src\stm32f10x_spi.c 0x00000000   Number         0  stm32f10x_spi.o ABSOLUTE
    e:\Example\电赛\f103rct6\2017_三相逆变\SPWMPID-103\SPWMPID-103\STM32F10x_FWLib\src\stm32f10x_tim.c 0x00000000   Number         0  stm32f10x_tim.o ABSOLUTE
    e:\Example\电赛\f103rct6\2017_三相逆变\SPWMPID-103\SPWMPID-103\STM32F10x_FWLib\src\stm32f10x_usart.c 0x00000000   Number         0  stm32f10x_usart.o ABSOLUTE
    e:\Example\电赛\f103rct6\2017_三相逆变\SPWMPID-103\SPWMPID-103\SYSTEM\delay\delay.c 0x00000000   Number         0  delay.o ABSOLUTE
    e:\Example\电赛\f103rct6\2017_三相逆变\SPWMPID-103\SPWMPID-103\SYSTEM\sys\sys.c 0x00000000   Number         0  sys.o ABSOLUTE
    e:\Example\电赛\f103rct6\2017_三相逆变\SPWMPID-103\SPWMPID-103\SYSTEM\usart\usart.c 0x00000000   Number         0  usart.o ABSOLUTE
    e:\\Example\\\265\347\310\374\\f103rct6\\2017_\310\375\317\340\304\346\261\344\\SPWMPID-103\\SPWMPID-103\\CORE\\core_cm3.c 0x00000000   Number         0  core_cm3.o ABSOLUTE
    e:\\Example\\\265\347\310\374\\f103rct6\\2017_\310\375\317\340\304\346\261\344\\SPWMPID-103\\SPWMPID-103\\SYSTEM\\sys\\sys.c 0x00000000   Number         0  sys.o ABSOLUTE
    handlers.s                               0x00000000   Number         0  handlers.o ABSOLUTE
    init.s                                   0x00000000   Number         0  init.o ABSOLUTE
    RESET                                    0x08000000   Section      304  startup_stm32f10x_hd.o(RESET)
    .ARM.Collect$$$$00000000                 0x08000130   Section        0  entry.o(.ARM.Collect$$$$00000000)
    .ARM.Collect$$$$00000001                 0x08000130   Section        4  entry2.o(.ARM.Collect$$$$00000001)
    .ARM.Collect$$$$00000004                 0x08000134   Section        4  entry5.o(.ARM.Collect$$$$00000004)
    .ARM.Collect$$$$00000008                 0x08000138   Section        0  entry7b.o(.ARM.Collect$$$$00000008)
    .ARM.Collect$$$$0000000A                 0x08000138   Section        0  entry8b.o(.ARM.Collect$$$$0000000A)
    .ARM.Collect$$$$0000000B                 0x08000138   Section        8  entry9a.o(.ARM.Collect$$$$0000000B)
    .ARM.Collect$$$$0000000D                 0x08000140   Section        0  entry10a.o(.ARM.Collect$$$$0000000D)
    .ARM.Collect$$$$0000000F                 0x08000140   Section        0  entry11a.o(.ARM.Collect$$$$0000000F)
    .ARM.Collect$$$$00002712                 0x08000140   Section        4  entry2.o(.ARM.Collect$$$$00002712)
    __lit__00000000                          0x08000140   Data           4  entry2.o(.ARM.Collect$$$$00002712)
    .text                                    0x08000144   Section       36  startup_stm32f10x_hd.o(.text)
    .text                                    0x08000168   Section        0  fadd.o(.text)
    .text                                    0x08000218   Section        0  fmul.o(.text)
    .text                                    0x0800027c   Section        0  fdiv.o(.text)
    .text                                    0x080002f8   Section        0  dadd.o(.text)
    .text                                    0x08000446   Section        0  dmul.o(.text)
    .text                                    0x0800052a   Section        0  ddiv.o(.text)
    .text                                    0x08000608   Section        0  ffltui.o(.text)
    .text                                    0x08000612   Section        0  dfltui.o(.text)
    .text                                    0x0800062c   Section        0  ffixui.o(.text)
    .text                                    0x08000654   Section        0  dfixui.o(.text)
    .text                                    0x08000686   Section        0  f2d.o(.text)
    .text                                    0x080006ac   Section       48  cdcmple.o(.text)
    .text                                    0x080006dc   Section       48  cdrcmple.o(.text)
    .text                                    0x0800070c   Section        0  d2f.o(.text)
    .text                                    0x08000744   Section       20  cfcmple.o(.text)
    .text                                    0x08000758   Section       20  cfrcmple.o(.text)
    .text                                    0x0800076c   Section        0  uidiv.o(.text)
    .text                                    0x08000798   Section        0  uldiv.o(.text)
    .text                                    0x080007fa   Section        0  llshl.o(.text)
    .text                                    0x08000818   Section        0  llushr.o(.text)
    .text                                    0x08000838   Section        0  llsshr.o(.text)
    .text                                    0x0800085c   Section        0  iusefp.o(.text)
    .text                                    0x0800085c   Section        0  fepilogue.o(.text)
    .text                                    0x080008ca   Section        0  depilogue.o(.text)
    .text                                    0x08000984   Section        0  dfixul.o(.text)
    .text                                    0x080009b4   Section       36  init.o(.text)
    i.BusFault_Handler                       0x080009d8   Section        0  stm32f10x_it.o(i.BusFault_Handler)
    i.CmdAnalysis                            0x080009dc   Section        0  hlw8032.o(i.CmdAnalysis)
    i.DebugMon_Handler                       0x08000aac   Section        0  stm32f10x_it.o(i.DebugMon_Handler)
    i.EXTI0_IRQHandler                       0x08000ab0   Section        0  key.o(i.EXTI0_IRQHandler)
    i.EXTI1_IRQHandler                       0x08000b20   Section        0  key.o(i.EXTI1_IRQHandler)
    i.EXTI2_IRQHandler                       0x08000b90   Section        0  key.o(i.EXTI2_IRQHandler)
    i.EXTI_ClearITPendingBit                 0x08000bf0   Section        0  stm32f10x_exti.o(i.EXTI_ClearITPendingBit)
    i.EXTI_GetITStatus                       0x08000bfc   Section        0  stm32f10x_exti.o(i.EXTI_GetITStatus)
    i.EXTI_Init                              0x08000c24   Section        0  stm32f10x_exti.o(i.EXTI_Init)
    i.GPIO_EXTILineConfig                    0x08000cb8   Section        0  stm32f10x_gpio.o(i.GPIO_EXTILineConfig)
    i.GPIO_Init                              0x08000cf8   Section        0  stm32f10x_gpio.o(i.GPIO_Init)
    i.GPIO_PinRemapConfig                    0x08000e10   Section        0  stm32f10x_gpio.o(i.GPIO_PinRemapConfig)
    i.GPIO_ReadInputDataBit                  0x08000ea0   Section        0  stm32f10x_gpio.o(i.GPIO_ReadInputDataBit)
    i.GPIO_SetBits                           0x08000eb2   Section        0  stm32f10x_gpio.o(i.GPIO_SetBits)
    i.HardFault_Handler                      0x08000eb6   Section        0  stm32f10x_it.o(i.HardFault_Handler)
    i.LED_Init                               0x08000ebc   Section        0  led.o(i.LED_Init)
    i.MemManage_Handler                      0x08000ee8   Section        0  stm32f10x_it.o(i.MemManage_Handler)
    i.NMI_Handler                            0x08000eec   Section        0  stm32f10x_it.o(i.NMI_Handler)
    i.NVIC_Init                              0x08000ef0   Section        0  misc.o(i.NVIC_Init)
    i.NVIC_PriorityGroupConfig               0x08000f60   Section        0  misc.o(i.NVIC_PriorityGroupConfig)
    i.OLED_Clear                             0x08000f74   Section        0  oled.o(i.OLED_Clear)
    i.OLED_DrawPoint                         0x08000fa4   Section        0  oled.o(i.OLED_DrawPoint)
    i.OLED_Init                              0x0800100c   Section        0  oled.o(i.OLED_Init)
    i.OLED_Refresh_Gram                      0x08001180   Section        0  oled.o(i.OLED_Refresh_Gram)
    i.OLED_ShowChar                          0x080011cc   Section        0  oled.o(i.OLED_ShowChar)
    i.OLED_ShowChinese2424                   0x080012d8   Section        0  oled.o(i.OLED_ShowChinese2424)
    i.OLED_ShowNum                           0x080013ac   Section        0  oled.o(i.OLED_ShowNum)
    i.OLED_WR_Byte                           0x08001440   Section        0  oled.o(i.OLED_WR_Byte)
    i.PendSV_Handler                         0x080014a0   Section        0  stm32f10x_it.o(i.PendSV_Handler)
    i.RCC_APB1PeriphClockCmd                 0x080014a4   Section        0  stm32f10x_rcc.o(i.RCC_APB1PeriphClockCmd)
    i.RCC_APB2PeriphClockCmd                 0x080014c4   Section        0  stm32f10x_rcc.o(i.RCC_APB2PeriphClockCmd)
    i.RCC_GetClocksFreq                      0x080014e4   Section        0  stm32f10x_rcc.o(i.RCC_GetClocksFreq)
    i.SVC_Handler                            0x080015b8   Section        0  stm32f10x_it.o(i.SVC_Handler)
    i.SetSysClock                            0x080015ba   Section        0  system_stm32f10x.o(i.SetSysClock)
    SetSysClock                              0x080015bb   Thumb Code     8  system_stm32f10x.o(i.SetSysClock)
    i.SetSysClockTo72                        0x080015c4   Section        0  system_stm32f10x.o(i.SetSysClockTo72)
    SetSysClockTo72                          0x080015c5   Thumb Code   214  system_stm32f10x.o(i.SetSysClockTo72)
    i.SysTick_CLKSourceConfig                0x080016a4   Section        0  misc.o(i.SysTick_CLKSourceConfig)
    i.SysTick_Handler                        0x080016cc   Section        0  stm32f10x_it.o(i.SysTick_Handler)
    i.SystemInit                             0x080016d0   Section        0  system_stm32f10x.o(i.SystemInit)
    i.TIM1_UP_IRQHandler                     0x08001730   Section        0  spwm.o(i.TIM1_UP_IRQHandler)
    i.TIM2_IRQHandler                        0x080017f4   Section        0  spwm.o(i.TIM2_IRQHandler)
    i.TIM_ARRPreloadConfig                   0x0800180a   Section        0  stm32f10x_tim.o(i.TIM_ARRPreloadConfig)
    i.TIM_BDTRConfig                         0x08001822   Section        0  stm32f10x_tim.o(i.TIM_BDTRConfig)
    i.TIM_ClearITPendingBit                  0x08001842   Section        0  stm32f10x_tim.o(i.TIM_ClearITPendingBit)
    i.TIM_Cmd                                0x08001848   Section        0  stm32f10x_tim.o(i.TIM_Cmd)
    i.TIM_CtrlPWMOutputs                     0x08001860   Section        0  stm32f10x_tim.o(i.TIM_CtrlPWMOutputs)
    i.TIM_GetITStatus                        0x0800187e   Section        0  stm32f10x_tim.o(i.TIM_GetITStatus)
    i.TIM_ITConfig                           0x080018a0   Section        0  stm32f10x_tim.o(i.TIM_ITConfig)
    i.TIM_OC3Init                            0x080018b4   Section        0  stm32f10x_tim.o(i.TIM_OC3Init)
    i.TIM_OC3PreloadConfig                   0x08001954   Section        0  stm32f10x_tim.o(i.TIM_OC3PreloadConfig)
    i.TIM_SetAutoreload                      0x08001966   Section        0  stm32f10x_tim.o(i.TIM_SetAutoreload)
    i.TIM_SetCompare3                        0x0800196a   Section        0  stm32f10x_tim.o(i.TIM_SetCompare3)
    i.TIM_TimeBaseInit                       0x08001970   Section        0  stm32f10x_tim.o(i.TIM_TimeBaseInit)
    i.USART1_IRQHandler                      0x08001a14   Section        0  usart.o(i.USART1_IRQHandler)
    i.USART2_IRQHandler                      0x08001a9c   Section        0  hlw8032.o(i.USART2_IRQHandler)
    i.USART_Cmd                              0x08001b04   Section        0  stm32f10x_usart.o(i.USART_Cmd)
    i.USART_GetITStatus                      0x08001b1c   Section        0  stm32f10x_usart.o(i.USART_GetITStatus)
    i.USART_ITConfig                         0x08001b70   Section        0  stm32f10x_usart.o(i.USART_ITConfig)
    i.USART_Init                             0x08001bbc   Section        0  stm32f10x_usart.o(i.USART_Init)
    i.USART_ReceiveData                      0x08001c94   Section        0  stm32f10x_usart.o(i.USART_ReceiveData)
    i.UsageFault_Handler                     0x08001c9e   Section        0  stm32f10x_it.o(i.UsageFault_Handler)
    i.__0printf                              0x08001ca4   Section        0  printfa.o(i.__0printf)
    i.__scatterload_copy                     0x08001cc4   Section       14  handlers.o(i.__scatterload_copy)
    i.__scatterload_null                     0x08001cd2   Section        2  handlers.o(i.__scatterload_null)
    i.__scatterload_zeroinit                 0x08001cd4   Section       14  handlers.o(i.__scatterload_zeroinit)
    i._fp_digits                             0x08001ce4   Section        0  printfa.o(i._fp_digits)
    _fp_digits                               0x08001ce5   Thumb Code   334  printfa.o(i._fp_digits)
    i._printf_core                           0x08001e48   Section        0  printfa.o(i._printf_core)
    _printf_core                             0x08001e49   Thumb Code  1744  printfa.o(i._printf_core)
    i._printf_post_padding                   0x08002524   Section        0  printfa.o(i._printf_post_padding)
    _printf_post_padding                     0x08002525   Thumb Code    36  printfa.o(i._printf_post_padding)
    i._printf_pre_padding                    0x08002548   Section        0  printfa.o(i._printf_pre_padding)
    _printf_pre_padding                      0x08002549   Thumb Code    46  printfa.o(i._printf_pre_padding)
    i.delay_init                             0x08002578   Section        0  delay.o(i.delay_init)
    i.delay_ms                               0x080025bc   Section        0  delay.o(i.delay_ms)
    i.fputc                                  0x08002608   Section        0  usart.o(i.fputc)
    i.key_init                               0x08002624   Section        0  key.o(i.key_init)
    i.main                                   0x080026f4   Section        0  main.o(i.main)
    i.mypow                                  0x08002ab8   Section        0  oled.o(i.mypow)
    i.spwm_init                              0x08002ad0   Section        0  spwm.o(i.spwm_init)
    i.uart2_init                             0x08002c48   Section        0  hlw8032.o(i.uart2_init)
    i.uart_init                              0x08002cf8   Section        0  usart.o(i.uart_init)
    .constdata                               0x08002d98   Section     9632  oled.o(.constdata)
    .constdata                               0x08005338   Section     2400  spwm.o(.constdata)
    .data                                    0x20000000   Section       30  hlw8032.o(.data)
    .data                                    0x20000020   Section       19  spwm.o(.data)
    i                                        0x2000002c   Data           2  spwm.o(.data)
    j                                        0x20000032   Data           1  spwm.o(.data)
    .data                                    0x20000033   Section       20  stm32f10x_rcc.o(.data)
    APBAHBPrescTable                         0x20000033   Data          16  stm32f10x_rcc.o(.data)
    ADCPrescTable                            0x20000043   Data           4  stm32f10x_rcc.o(.data)
    .data                                    0x20000048   Section        4  delay.o(.data)
    fac_us                                   0x20000048   Data           1  delay.o(.data)
    fac_ms                                   0x2000004a   Data           2  delay.o(.data)
    .data                                    0x2000004c   Section        6  usart.o(.data)
    .data                                    0x20000054   Section       38  main.o(.data)
    .data                                    0x2000007c   Section       20  system_stm32f10x.o(.data)
    .bss                                     0x20000090   Section      200  hlw8032.o(.bss)
    .bss                                     0x20000158   Section     1024  oled.o(.bss)
    .bss                                     0x20000558   Section      200  usart.o(.bss)
    STACK                                    0x20000620   Section     1024  startup_stm32f10x_hd.o(STACK)

    Global Symbols

    Symbol Name                              Value     Ov Type        Size  Object(Section)

    BuildAttributes$$THM_ISAv4$P$D$K$B$S$PE$A:L22UL41UL21$X:L11$S22US41US21$IEEE1$IW$USESV6$~STKCKD$USESV7$~SHL$OTIME$ROPI$EBA8$MICROLIB$REQ8$PRES8$EABIv2 0x00000000   Number         0  anon$$obj.o ABSOLUTE
    __ARM_use_no_argv                        0x00000000   Number         0  main.o ABSOLUTE
    __use_no_errno                           0x00000000   Number         0  useno.o ABSOLUTE
    __use_no_exception_handling              0x00000000   Number         0  useno.o ABSOLUTE
    __use_no_fp                              0x00000000   Number         0  useno.o ABSOLUTE
    __use_no_heap                            0x00000000   Number         0  useno.o ABSOLUTE
    __use_no_heap_region                     0x00000000   Number         0  useno.o ABSOLUTE
    __use_no_semihosting                     0x00000000   Number         0  useno.o ABSOLUTE
    __use_no_semihosting_swi                 0x00000000   Number         0  useno.o ABSOLUTE
    __use_no_signal_handling                 0x00000000   Number         0  useno.o ABSOLUTE
    _printf_a                                0x00000000   Number         0  stubs.o ABSOLUTE
    _printf_c                                0x00000000   Number         0  stubs.o ABSOLUTE
    _printf_charcount                        0x00000000   Number         0  stubs.o ABSOLUTE
    _printf_d                                0x00000000   Number         0  stubs.o ABSOLUTE
    _printf_e                                0x00000000   Number         0  stubs.o ABSOLUTE
    _printf_f                                0x00000000   Number         0  stubs.o ABSOLUTE
    _printf_flags                            0x00000000   Number         0  stubs.o ABSOLUTE
    _printf_fp_dec                           0x00000000   Number         0  stubs.o ABSOLUTE
    _printf_fp_hex                           0x00000000   Number         0  stubs.o ABSOLUTE
    _printf_g                                0x00000000   Number         0  stubs.o ABSOLUTE
    _printf_i                                0x00000000   Number         0  stubs.o ABSOLUTE
    _printf_int_dec                          0x00000000   Number         0  stubs.o ABSOLUTE
    _printf_l                                0x00000000   Number         0  stubs.o ABSOLUTE
    _printf_lc                               0x00000000   Number         0  stubs.o ABSOLUTE
    _printf_ll                               0x00000000   Number         0  stubs.o ABSOLUTE
    _printf_lld                              0x00000000   Number         0  stubs.o ABSOLUTE
    _printf_lli                              0x00000000   Number         0  stubs.o ABSOLUTE
    _printf_llo                              0x00000000   Number         0  stubs.o ABSOLUTE
    _printf_llu                              0x00000000   Number         0  stubs.o ABSOLUTE
    _printf_llx                              0x00000000   Number         0  stubs.o ABSOLUTE
    _printf_longlong_dec                     0x00000000   Number         0  stubs.o ABSOLUTE
    _printf_longlong_hex                     0x00000000   Number         0  stubs.o ABSOLUTE
    _printf_longlong_oct                     0x00000000   Number         0  stubs.o ABSOLUTE
    _printf_ls                               0x00000000   Number         0  stubs.o ABSOLUTE
    _printf_mbtowc                           0x00000000   Number         0  stubs.o ABSOLUTE
    _printf_n                                0x00000000   Number         0  stubs.o ABSOLUTE
    _printf_o                                0x00000000   Number         0  stubs.o ABSOLUTE
    _printf_p                                0x00000000   Number         0  stubs.o ABSOLUTE
    _printf_percent                          0x00000000   Number         0  stubs.o ABSOLUTE
    _printf_pre_padding                      0x00000000   Number         0  stubs.o ABSOLUTE
    _printf_return_value                     0x00000000   Number         0  stubs.o ABSOLUTE
    _printf_s                                0x00000000   Number         0  stubs.o ABSOLUTE
    _printf_sizespec                         0x00000000   Number         0  stubs.o ABSOLUTE
    _printf_str                              0x00000000   Number         0  stubs.o ABSOLUTE
    _printf_truncate_signed                  0x00000000   Number         0  stubs.o ABSOLUTE
    _printf_truncate_unsigned                0x00000000   Number         0  stubs.o ABSOLUTE
    _printf_u                                0x00000000   Number         0  stubs.o ABSOLUTE
    _printf_wc                               0x00000000   Number         0  stubs.o ABSOLUTE
    _printf_wctomb                           0x00000000   Number         0  stubs.o ABSOLUTE
    _printf_widthprec                        0x00000000   Number         0  stubs.o ABSOLUTE
    _printf_x                                0x00000000   Number         0  stubs.o ABSOLUTE
    __cpp_initialize__aeabi_                  - Undefined Weak Reference
    __cxa_finalize                            - Undefined Weak Reference
    __decompress                              - Undefined Weak Reference
    _clock_init                               - Undefined Weak Reference
    _microlib_exit                            - Undefined Weak Reference
    __Vectors_Size                           0x00000130   Number         0  startup_stm32f10x_hd.o ABSOLUTE
    __Vectors                                0x08000000   Data           4  startup_stm32f10x_hd.o(RESET)
    __Vectors_End                            0x08000130   Data           0  startup_stm32f10x_hd.o(RESET)
    __main                                   0x08000131   Thumb Code     0  entry.o(.ARM.Collect$$$$00000000)
    _main_stk                                0x08000131   Thumb Code     0  entry2.o(.ARM.Collect$$$$00000001)
    _main_scatterload                        0x08000135   Thumb Code     0  entry5.o(.ARM.Collect$$$$00000004)
    __main_after_scatterload                 0x08000139   Thumb Code     0  entry5.o(.ARM.Collect$$$$00000004)
    _main_clock                              0x08000139   Thumb Code     0  entry7b.o(.ARM.Collect$$$$00000008)
    _main_cpp_init                           0x08000139   Thumb Code     0  entry8b.o(.ARM.Collect$$$$0000000A)
    _main_init                               0x08000139   Thumb Code     0  entry9a.o(.ARM.Collect$$$$0000000B)
    __rt_final_cpp                           0x08000141   Thumb Code     0  entry10a.o(.ARM.Collect$$$$0000000D)
    __rt_final_exit                          0x08000141   Thumb Code     0  entry11a.o(.ARM.Collect$$$$0000000F)
    Reset_Handler                            0x08000145   Thumb Code     8  startup_stm32f10x_hd.o(.text)
    ADC1_2_IRQHandler                        0x0800015f   Thumb Code     0  startup_stm32f10x_hd.o(.text)
    ADC3_IRQHandler                          0x0800015f   Thumb Code     0  startup_stm32f10x_hd.o(.text)
    CAN1_RX1_IRQHandler                      0x0800015f   Thumb Code     0  startup_stm32f10x_hd.o(.text)
    CAN1_SCE_IRQHandler                      0x0800015f   Thumb Code     0  startup_stm32f10x_hd.o(.text)
    DMA1_Channel1_IRQHandler                 0x0800015f   Thumb Code     0  startup_stm32f10x_hd.o(.text)
    DMA1_Channel2_IRQHandler                 0x0800015f   Thumb Code     0  startup_stm32f10x_hd.o(.text)
    DMA1_Channel3_IRQHandler                 0x0800015f   Thumb Code     0  startup_stm32f10x_hd.o(.text)
    DMA1_Channel4_IRQHandler                 0x0800015f   Thumb Code     0  startup_stm32f10x_hd.o(.text)
    DMA1_Channel5_IRQHandler                 0x0800015f   Thumb Code     0  startup_stm32f10x_hd.o(.text)
    DMA1_Channel6_IRQHandler                 0x0800015f   Thumb Code     0  startup_stm32f10x_hd.o(.text)
    DMA1_Channel7_IRQHandler                 0x0800015f   Thumb Code     0  startup_stm32f10x_hd.o(.text)
    DMA2_Channel1_IRQHandler                 0x0800015f   Thumb Code     0  startup_stm32f10x_hd.o(.text)
    DMA2_Channel2_IRQHandler                 0x0800015f   Thumb Code     0  startup_stm32f10x_hd.o(.text)
    DMA2_Channel3_IRQHandler                 0x0800015f   Thumb Code     0  startup_stm32f10x_hd.o(.text)
    DMA2_Channel4_5_IRQHandler               0x0800015f   Thumb Code     0  startup_stm32f10x_hd.o(.text)
    EXTI15_10_IRQHandler                     0x0800015f   Thumb Code     0  startup_stm32f10x_hd.o(.text)
    EXTI3_IRQHandler                         0x0800015f   Thumb Code     0  startup_stm32f10x_hd.o(.text)
    EXTI4_IRQHandler                         0x0800015f   Thumb Code     0  startup_stm32f10x_hd.o(.text)
    EXTI9_5_IRQHandler                       0x0800015f   Thumb Code     0  startup_stm32f10x_hd.o(.text)
    FLASH_IRQHandler                         0x0800015f   Thumb Code     0  startup_stm32f10x_hd.o(.text)
    FSMC_IRQHandler                          0x0800015f   Thumb Code     0  startup_stm32f10x_hd.o(.text)
    I2C1_ER_IRQHandler                       0x0800015f   Thumb Code     0  startup_stm32f10x_hd.o(.text)
    I2C1_EV_IRQHandler                       0x0800015f   Thumb Code     0  startup_stm32f10x_hd.o(.text)
    I2C2_ER_IRQHandler                       0x0800015f   Thumb Code     0  startup_stm32f10x_hd.o(.text)
    I2C2_EV_IRQHandler                       0x0800015f   Thumb Code     0  startup_stm32f10x_hd.o(.text)
    PVD_IRQHandler                           0x0800015f   Thumb Code     0  startup_stm32f10x_hd.o(.text)
    RCC_IRQHandler                           0x0800015f   Thumb Code     0  startup_stm32f10x_hd.o(.text)
    RTCAlarm_IRQHandler                      0x0800015f   Thumb Code     0  startup_stm32f10x_hd.o(.text)
    RTC_IRQHandler                           0x0800015f   Thumb Code     0  startup_stm32f10x_hd.o(.text)
    SDIO_IRQHandler                          0x0800015f   Thumb Code     0  startup_stm32f10x_hd.o(.text)
    SPI1_IRQHandler                          0x0800015f   Thumb Code     0  startup_stm32f10x_hd.o(.text)
    SPI2_IRQHandler                          0x0800015f   Thumb Code     0  startup_stm32f10x_hd.o(.text)
    SPI3_IRQHandler                          0x0800015f   Thumb Code     0  startup_stm32f10x_hd.o(.text)
    TAMPER_IRQHandler                        0x0800015f   Thumb Code     0  startup_stm32f10x_hd.o(.text)
    TIM1_BRK_IRQHandler                      0x0800015f   Thumb Code     0  startup_stm32f10x_hd.o(.text)
    TIM1_CC_IRQHandler                       0x0800015f   Thumb Code     0  startup_stm32f10x_hd.o(.text)
    TIM1_TRG_COM_IRQHandler                  0x0800015f   Thumb Code     0  startup_stm32f10x_hd.o(.text)
    TIM3_IRQHandler                          0x0800015f   Thumb Code     0  startup_stm32f10x_hd.o(.text)
    TIM4_IRQHandler                          0x0800015f   Thumb Code     0  startup_stm32f10x_hd.o(.text)
    TIM5_IRQHandler                          0x0800015f   Thumb Code     0  startup_stm32f10x_hd.o(.text)
    TIM6_IRQHandler                          0x0800015f   Thumb Code     0  startup_stm32f10x_hd.o(.text)
    TIM7_IRQHandler                          0x0800015f   Thumb Code     0  startup_stm32f10x_hd.o(.text)
    TIM8_BRK_IRQHandler                      0x0800015f   Thumb Code     0  startup_stm32f10x_hd.o(.text)
    TIM8_CC_IRQHandler                       0x0800015f   Thumb Code     0  startup_stm32f10x_hd.o(.text)
    TIM8_TRG_COM_IRQHandler                  0x0800015f   Thumb Code     0  startup_stm32f10x_hd.o(.text)
    TIM8_UP_IRQHandler                       0x0800015f   Thumb Code     0  startup_stm32f10x_hd.o(.text)
    UART4_IRQHandler                         0x0800015f   Thumb Code     0  startup_stm32f10x_hd.o(.text)
    UART5_IRQHandler                         0x0800015f   Thumb Code     0  startup_stm32f10x_hd.o(.text)
    USART3_IRQHandler                        0x0800015f   Thumb Code     0  startup_stm32f10x_hd.o(.text)
    USBWakeUp_IRQHandler                     0x0800015f   Thumb Code     0  startup_stm32f10x_hd.o(.text)
    USB_HP_CAN1_TX_IRQHandler                0x0800015f   Thumb Code     0  startup_stm32f10x_hd.o(.text)
    USB_LP_CAN1_RX0_IRQHandler               0x0800015f   Thumb Code     0  startup_stm32f10x_hd.o(.text)
    WWDG_IRQHandler                          0x0800015f   Thumb Code     0  startup_stm32f10x_hd.o(.text)
    __aeabi_fadd                             0x08000169   Thumb Code   164  fadd.o(.text)
    __aeabi_fsub                             0x0800020d   Thumb Code     6  fadd.o(.text)
    __aeabi_frsub                            0x08000213   Thumb Code     6  fadd.o(.text)
    __aeabi_fmul                             0x08000219   Thumb Code   100  fmul.o(.text)
    __aeabi_fdiv                             0x0800027d   Thumb Code   124  fdiv.o(.text)
    __aeabi_dadd                             0x080002f9   Thumb Code   322  dadd.o(.text)
    __aeabi_dsub                             0x0800043b   Thumb Code     6  dadd.o(.text)
    __aeabi_drsub                            0x08000441   Thumb Code     6  dadd.o(.text)
    __aeabi_dmul                             0x08000447   Thumb Code   228  dmul.o(.text)
    __aeabi_ddiv                             0x0800052b   Thumb Code   222  ddiv.o(.text)
    __aeabi_ui2f                             0x08000609   Thumb Code    10  ffltui.o(.text)
    __aeabi_ui2d                             0x08000613   Thumb Code    26  dfltui.o(.text)
    __aeabi_f2uiz                            0x0800062d   Thumb Code    40  ffixui.o(.text)
    __aeabi_d2uiz                            0x08000655   Thumb Code    50  dfixui.o(.text)
    __aeabi_f2d                              0x08000687   Thumb Code    38  f2d.o(.text)
    __aeabi_cdcmpeq                          0x080006ad   Thumb Code     0  cdcmple.o(.text)
    __aeabi_cdcmple                          0x080006ad   Thumb Code    48  cdcmple.o(.text)
    __aeabi_cdrcmple                         0x080006dd   Thumb Code    48  cdrcmple.o(.text)
    __aeabi_d2f                              0x0800070d   Thumb Code    56  d2f.o(.text)
    __aeabi_cfcmpeq                          0x08000745   Thumb Code     0  cfcmple.o(.text)
    __aeabi_cfcmple                          0x08000745   Thumb Code    20  cfcmple.o(.text)
    __aeabi_cfrcmple                         0x08000759   Thumb Code    20  cfrcmple.o(.text)
    __aeabi_uidiv                            0x0800076d   Thumb Code     0  uidiv.o(.text)
    __aeabi_uidivmod                         0x0800076d   Thumb Code    44  uidiv.o(.text)
    __aeabi_uldivmod                         0x08000799   Thumb Code    98  uldiv.o(.text)
    __aeabi_llsl                             0x080007fb   Thumb Code    30  llshl.o(.text)
    _ll_shift_l                              0x080007fb   Thumb Code     0  llshl.o(.text)
    __aeabi_llsr                             0x08000819   Thumb Code    32  llushr.o(.text)
    _ll_ushift_r                             0x08000819   Thumb Code     0  llushr.o(.text)
    __aeabi_lasr                             0x08000839   Thumb Code    36  llsshr.o(.text)
    _ll_sshift_r                             0x08000839   Thumb Code     0  llsshr.o(.text)
    __I$use$fp                               0x0800085d   Thumb Code     0  iusefp.o(.text)
    _float_round                             0x0800085d   Thumb Code    18  fepilogue.o(.text)
    _float_epilogue                          0x0800086f   Thumb Code    92  fepilogue.o(.text)
    _double_round                            0x080008cb   Thumb Code    30  depilogue.o(.text)
    _double_epilogue                         0x080008e9   Thumb Code   156  depilogue.o(.text)
    __aeabi_d2ulz                            0x08000985   Thumb Code    48  dfixul.o(.text)
    __scatterload                            0x080009b5   Thumb Code    28  init.o(.text)
    __scatterload_rt2                        0x080009b5   Thumb Code     0  init.o(.text)
    BusFault_Handler                         0x080009d9   Thumb Code     4  stm32f10x_it.o(i.BusFault_Handler)
    CmdAnalysis                              0x080009dd   Thumb Code   176  hlw8032.o(i.CmdAnalysis)
    DebugMon_Handler                         0x08000aad   Thumb Code     2  stm32f10x_it.o(i.DebugMon_Handler)
    EXTI0_IRQHandler                         0x08000ab1   Thumb Code    88  key.o(i.EXTI0_IRQHandler)
    EXTI1_IRQHandler                         0x08000b21   Thumb Code    88  key.o(i.EXTI1_IRQHandler)
    EXTI2_IRQHandler                         0x08000b91   Thumb Code    78  key.o(i.EXTI2_IRQHandler)
    EXTI_ClearITPendingBit                   0x08000bf1   Thumb Code     6  stm32f10x_exti.o(i.EXTI_ClearITPendingBit)
    EXTI_GetITStatus                         0x08000bfd   Thumb Code    34  stm32f10x_exti.o(i.EXTI_GetITStatus)
    EXTI_Init                                0x08000c25   Thumb Code   142  stm32f10x_exti.o(i.EXTI_Init)
    GPIO_EXTILineConfig                      0x08000cb9   Thumb Code    60  stm32f10x_gpio.o(i.GPIO_EXTILineConfig)
    GPIO_Init                                0x08000cf9   Thumb Code   278  stm32f10x_gpio.o(i.GPIO_Init)
    GPIO_PinRemapConfig                      0x08000e11   Thumb Code   138  stm32f10x_gpio.o(i.GPIO_PinRemapConfig)
    GPIO_ReadInputDataBit                    0x08000ea1   Thumb Code    18  stm32f10x_gpio.o(i.GPIO_ReadInputDataBit)
    GPIO_SetBits                             0x08000eb3   Thumb Code     4  stm32f10x_gpio.o(i.GPIO_SetBits)
    HardFault_Handler                        0x08000eb7   Thumb Code     4  stm32f10x_it.o(i.HardFault_Handler)
    LED_Init                                 0x08000ebd   Thumb Code    38  led.o(i.LED_Init)
    MemManage_Handler                        0x08000ee9   Thumb Code     4  stm32f10x_it.o(i.MemManage_Handler)
    NMI_Handler                              0x08000eed   Thumb Code     2  stm32f10x_it.o(i.NMI_Handler)
    NVIC_Init                                0x08000ef1   Thumb Code   100  misc.o(i.NVIC_Init)
    NVIC_PriorityGroupConfig                 0x08000f61   Thumb Code    10  misc.o(i.NVIC_PriorityGroupConfig)
    OLED_Clear                               0x08000f75   Thumb Code    42  oled.o(i.OLED_Clear)
    OLED_DrawPoint                           0x08000fa5   Thumb Code   100  oled.o(i.OLED_DrawPoint)
    OLED_Init                                0x0800100d   Thumb Code   352  oled.o(i.OLED_Init)
    OLED_Refresh_Gram                        0x08001181   Thumb Code    70  oled.o(i.OLED_Refresh_Gram)
    OLED_ShowChar                            0x080011cd   Thumb Code   254  oled.o(i.OLED_ShowChar)
    OLED_ShowChinese2424                     0x080012d9   Thumb Code   200  oled.o(i.OLED_ShowChinese2424)
    OLED_ShowNum                             0x080013ad   Thumb Code   148  oled.o(i.OLED_ShowNum)
    OLED_WR_Byte                             0x08001441   Thumb Code    82  oled.o(i.OLED_WR_Byte)
    PendSV_Handler                           0x080014a1   Thumb Code     2  stm32f10x_it.o(i.PendSV_Handler)
    RCC_APB1PeriphClockCmd                   0x080014a5   Thumb Code    26  stm32f10x_rcc.o(i.RCC_APB1PeriphClockCmd)
    RCC_APB2PeriphClockCmd                   0x080014c5   Thumb Code    26  stm32f10x_rcc.o(i.RCC_APB2PeriphClockCmd)
    RCC_GetClocksFreq                        0x080014e5   Thumb Code   192  stm32f10x_rcc.o(i.RCC_GetClocksFreq)
    SVC_Handler                              0x080015b9   Thumb Code     2  stm32f10x_it.o(i.SVC_Handler)
    SysTick_CLKSourceConfig                  0x080016a5   Thumb Code    40  misc.o(i.SysTick_CLKSourceConfig)
    SysTick_Handler                          0x080016cd   Thumb Code     2  stm32f10x_it.o(i.SysTick_Handler)
    SystemInit                               0x080016d1   Thumb Code    78  system_stm32f10x.o(i.SystemInit)
    TIM1_UP_IRQHandler                       0x08001731   Thumb Code   168  spwm.o(i.TIM1_UP_IRQHandler)
    TIM2_IRQHandler                          0x080017f5   Thumb Code    22  spwm.o(i.TIM2_IRQHandler)
    TIM_ARRPreloadConfig                     0x0800180b   Thumb Code    24  stm32f10x_tim.o(i.TIM_ARRPreloadConfig)
    TIM_BDTRConfig                           0x08001823   Thumb Code    32  stm32f10x_tim.o(i.TIM_BDTRConfig)
    TIM_ClearITPendingBit                    0x08001843   Thumb Code     6  stm32f10x_tim.o(i.TIM_ClearITPendingBit)
    TIM_Cmd                                  0x08001849   Thumb Code    24  stm32f10x_tim.o(i.TIM_Cmd)
    TIM_CtrlPWMOutputs                       0x08001861   Thumb Code    30  stm32f10x_tim.o(i.TIM_CtrlPWMOutputs)
    TIM_GetITStatus                          0x0800187f   Thumb Code    34  stm32f10x_tim.o(i.TIM_GetITStatus)
    TIM_ITConfig                             0x080018a1   Thumb Code    18  stm32f10x_tim.o(i.TIM_ITConfig)
    TIM_OC3Init                              0x080018b5   Thumb Code   150  stm32f10x_tim.o(i.TIM_OC3Init)
    TIM_OC3PreloadConfig                     0x08001955   Thumb Code    18  stm32f10x_tim.o(i.TIM_OC3PreloadConfig)
    TIM_SetAutoreload                        0x08001967   Thumb Code     4  stm32f10x_tim.o(i.TIM_SetAutoreload)
    TIM_SetCompare3                          0x0800196b   Thumb Code     4  stm32f10x_tim.o(i.TIM_SetCompare3)
    TIM_TimeBaseInit                         0x08001971   Thumb Code   122  stm32f10x_tim.o(i.TIM_TimeBaseInit)
    USART1_IRQHandler                        0x08001a15   Thumb Code   122  usart.o(i.USART1_IRQHandler)
    USART2_IRQHandler                        0x08001a9d   Thumb Code    92  hlw8032.o(i.USART2_IRQHandler)
    USART_Cmd                                0x08001b05   Thumb Code    24  stm32f10x_usart.o(i.USART_Cmd)
    USART_GetITStatus                        0x08001b1d   Thumb Code    84  stm32f10x_usart.o(i.USART_GetITStatus)
    USART_ITConfig                           0x08001b71   Thumb Code    74  stm32f10x_usart.o(i.USART_ITConfig)
    USART_Init                               0x08001bbd   Thumb Code   210  stm32f10x_usart.o(i.USART_Init)
    USART_ReceiveData                        0x08001c95   Thumb Code    10  stm32f10x_usart.o(i.USART_ReceiveData)
    UsageFault_Handler                       0x08001c9f   Thumb Code     4  stm32f10x_it.o(i.UsageFault_Handler)
    __0printf                                0x08001ca5   Thumb Code    22  printfa.o(i.__0printf)
    __1printf                                0x08001ca5   Thumb Code     0  printfa.o(i.__0printf)
    __2printf                                0x08001ca5   Thumb Code     0  printfa.o(i.__0printf)
    __c89printf                              0x08001ca5   Thumb Code     0  printfa.o(i.__0printf)
    printf                                   0x08001ca5   Thumb Code     0  printfa.o(i.__0printf)
    __scatterload_copy                       0x08001cc5   Thumb Code    14  handlers.o(i.__scatterload_copy)
    __scatterload_null                       0x08001cd3   Thumb Code     2  handlers.o(i.__scatterload_null)
    __scatterload_zeroinit                   0x08001cd5   Thumb Code    14  handlers.o(i.__scatterload_zeroinit)
    delay_init                               0x08002579   Thumb Code    50  delay.o(i.delay_init)
    delay_ms                                 0x080025bd   Thumb Code    72  delay.o(i.delay_ms)
    fputc                                    0x08002609   Thumb Code    24  usart.o(i.fputc)
    key_init                                 0x08002625   Thumb Code   204  key.o(i.key_init)
    main                                     0x080026f5   Thumb Code   752  main.o(i.main)
    mypow                                    0x08002ab9   Thumb Code    22  oled.o(i.mypow)
    spwm_init                                0x08002ad1   Thumb Code   344  spwm.o(i.spwm_init)
    uart2_init                               0x08002c49   Thumb Code   166  hlw8032.o(i.uart2_init)
    uart_init                                0x08002cf9   Thumb Code   152  usart.o(i.uart_init)
    asc2_1206                                0x08002d98   Data        1140  oled.o(.constdata)
    asc2_1608                                0x0800320c   Data        1520  oled.o(.constdata)
    asc2_2412                                0x080037fc   Data        3420  oled.o(.constdata)
    asc2_1616                                0x08004558   Data        3040  oled.o(.constdata)
    Chinese_1212                             0x08005138   Data          96  oled.o(.constdata)
    Chinese_1616                             0x08005198   Data         128  oled.o(.constdata)
    Chinese_2424                             0x08005218   Data         288  oled.o(.constdata)
    spwm                                     0x08005338   Data        2400  spwm.o(.constdata)
    Region$$Table$$Base                      0x08005c98   Number         0  anon$$obj.o(Region$$Table)
    Region$$Table$$Limit                     0x08005cb8   Number         0  anon$$obj.o(Region$$Table)
    Voltage_Parameter_Reg                    0x20000000   Data           4  hlw8032.o(.data)
    Voltage_Reg                              0x20000004   Data           4  hlw8032.o(.data)
    Current_Reg                              0x20000008   Data           4  hlw8032.o(.data)
    Current_Parameter_Reg                    0x2000000c   Data           4  hlw8032.o(.data)
    Power_Parameter_Reg                      0x20000010   Data           4  hlw8032.o(.data)
    Power_Reg                                0x20000014   Data           4  hlw8032.o(.data)
    Data_Updata_Reg                          0x20000018   Data           1  hlw8032.o(.data)
    PF_Reg                                   0x2000001a   Data           2  hlw8032.o(.data)
    USART2_RX_STA                            0x2000001c   Data           2  hlw8032.o(.data)
    pfreq                                    0x20000020   Data           1  spwm.o(.data)
    Period_percent                           0x20000024   Data           4  spwm.o(.data)
    k                                        0x20000028   Data           4  spwm.o(.data)
    TimerPeriod                              0x2000002e   Data           2  spwm.o(.data)
    Channel3Pulse                            0x20000030   Data           2  spwm.o(.data)
    __stdout                                 0x2000004c   Data           4  usart.o(.data)
    USART_RX_STA                             0x20000050   Data           2  usart.o(.data)
    ACVotage                                 0x20000054   Data           4  main.o(.data)
    ACCurrent                                0x20000058   Data           4  main.o(.data)
    ActivePower                              0x2000005c   Data           4  main.o(.data)
    ApparentPower                            0x20000060   Data           4  main.o(.data)
    PowerFactor                              0x20000064   Data           4  main.o(.data)
    ElectricEnergy                           0x20000068   Data           4  main.o(.data)
    Pre_Data_Updata_Reg                      0x2000006c   Data           1  main.o(.data)
    UpdataCount                              0x2000006e   Data           2  main.o(.data)
    PFCount                                  0x20000070   Data           4  main.o(.data)
    PF_OneDegree                             0x20000074   Data           4  main.o(.data)
    Voltage_int                              0x20000078   Data           2  main.o(.data)
    SystemCoreClock                          0x2000007c   Data           4  system_stm32f10x.o(.data)
    AHBPrescTable                            0x20000080   Data          16  system_stm32f10x.o(.data)
    USART2_RX_BUF                            0x20000090   Data         200  hlw8032.o(.bss)
    OLED_GRAM                                0x20000158   Data        1024  oled.o(.bss)
    USART_RX_BUF                             0x20000558   Data         200  usart.o(.bss)
    __initial_sp                             0x20000a20   Data           0  startup_stm32f10x_hd.o(STACK)



==============================================================================

Memory Map of the image

  Image Entry point : 0x08000131

  Load Region LR_IROM1 (Base: 0x08000000, Size: 0x00005d48, Max: 0x00040000, ABSOLUTE)

    Execution Region ER_IROM1 (Base: 0x08000000, Size: 0x00005cb8, Max: 0x00040000, ABSOLUTE)

    Base Addr    Size         Type   Attr      Idx    E Section Name        Object

    0x08000000   0x00000130   Data   RO         2217    RESET               startup_stm32f10x_hd.o
    0x08000130   0x00000000   Code   RO         2222  * .ARM.Collect$$$$00000000  mc_w.l(entry.o)
    0x08000130   0x00000004   Code   RO         2518    .ARM.Collect$$$$00000001  mc_w.l(entry2.o)
    0x08000134   0x00000004   Code   RO         2521    .ARM.Collect$$$$00000004  mc_w.l(entry5.o)
    0x08000138   0x00000000   Code   RO         2523    .ARM.Collect$$$$00000008  mc_w.l(entry7b.o)
    0x08000138   0x00000000   Code   RO         2525    .ARM.Collect$$$$0000000A  mc_w.l(entry8b.o)
    0x08000138   0x00000008   Code   RO         2526    .ARM.Collect$$$$0000000B  mc_w.l(entry9a.o)
    0x08000140   0x00000000   Code   RO         2528    .ARM.Collect$$$$0000000D  mc_w.l(entry10a.o)
    0x08000140   0x00000000   Code   RO         2530    .ARM.Collect$$$$0000000F  mc_w.l(entry11a.o)
    0x08000140   0x00000004   Code   RO         2519    .ARM.Collect$$$$00002712  mc_w.l(entry2.o)
    0x08000144   0x00000024   Code   RO         2218    .text               startup_stm32f10x_hd.o
    0x08000168   0x000000b0   Code   RO         2486    .text               mf_w.l(fadd.o)
    0x08000218   0x00000064   Code   RO         2488    .text               mf_w.l(fmul.o)
    0x0800027c   0x0000007c   Code   RO         2490    .text               mf_w.l(fdiv.o)
    0x080002f8   0x0000014e   Code   RO         2492    .text               mf_w.l(dadd.o)
    0x08000446   0x000000e4   Code   RO         2494    .text               mf_w.l(dmul.o)
    0x0800052a   0x000000de   Code   RO         2496    .text               mf_w.l(ddiv.o)
    0x08000608   0x0000000a   Code   RO         2498    .text               mf_w.l(ffltui.o)
    0x08000612   0x0000001a   Code   RO         2500    .text               mf_w.l(dfltui.o)
    0x0800062c   0x00000028   Code   RO         2502    .text               mf_w.l(ffixui.o)
    0x08000654   0x00000032   Code   RO         2504    .text               mf_w.l(dfixui.o)
    0x08000686   0x00000026   Code   RO         2506    .text               mf_w.l(f2d.o)
    0x080006ac   0x00000030   Code   RO         2508    .text               mf_w.l(cdcmple.o)
    0x080006dc   0x00000030   Code   RO         2510    .text               mf_w.l(cdrcmple.o)
    0x0800070c   0x00000038   Code   RO         2512    .text               mf_w.l(d2f.o)
    0x08000744   0x00000014   Code   RO         2514    .text               mf_w.l(cfcmple.o)
    0x08000758   0x00000014   Code   RO         2516    .text               mf_w.l(cfrcmple.o)
    0x0800076c   0x0000002c   Code   RO         2532    .text               mc_w.l(uidiv.o)
    0x08000798   0x00000062   Code   RO         2534    .text               mc_w.l(uldiv.o)
    0x080007fa   0x0000001e   Code   RO         2536    .text               mc_w.l(llshl.o)
    0x08000818   0x00000020   Code   RO         2538    .text               mc_w.l(llushr.o)
    0x08000838   0x00000024   Code   RO         2540    .text               mc_w.l(llsshr.o)
    0x0800085c   0x00000000   Code   RO         2542    .text               mc_w.l(iusefp.o)
    0x0800085c   0x0000006e   Code   RO         2543    .text               mf_w.l(fepilogue.o)
    0x080008ca   0x000000ba   Code   RO         2545    .text               mf_w.l(depilogue.o)
    0x08000984   0x00000030   Code   RO         2547    .text               mf_w.l(dfixul.o)
    0x080009b4   0x00000024   Code   RO         2549    .text               mc_w.l(init.o)
    0x080009d8   0x00000004   Code   RO         2092    i.BusFault_Handler  stm32f10x_it.o
    0x080009dc   0x000000d0   Code   RO          133    i.CmdAnalysis       hlw8032.o
    0x08000aac   0x00000002   Code   RO         2093    i.DebugMon_Handler  stm32f10x_it.o
    0x08000aae   0x00000002   PAD
    0x08000ab0   0x00000070   Code   RO          168    i.EXTI0_IRQHandler  key.o
    0x08000b20   0x00000070   Code   RO          169    i.EXTI1_IRQHandler  key.o
    0x08000b90   0x00000060   Code   RO          170    i.EXTI2_IRQHandler  key.o
    0x08000bf0   0x0000000c   Code   RO          723    i.EXTI_ClearITPendingBit  stm32f10x_exti.o
    0x08000bfc   0x00000028   Code   RO          727    i.EXTI_GetITStatus  stm32f10x_exti.o
    0x08000c24   0x00000094   Code   RO          728    i.EXTI_Init         stm32f10x_exti.o
    0x08000cb8   0x00000040   Code   RO          779    i.GPIO_EXTILineConfig  stm32f10x_gpio.o
    0x08000cf8   0x00000116   Code   RO          782    i.GPIO_Init         stm32f10x_gpio.o
    0x08000e0e   0x00000002   PAD
    0x08000e10   0x00000090   Code   RO          784    i.GPIO_PinRemapConfig  stm32f10x_gpio.o
    0x08000ea0   0x00000012   Code   RO          786    i.GPIO_ReadInputDataBit  stm32f10x_gpio.o
    0x08000eb2   0x00000004   Code   RO          790    i.GPIO_SetBits      stm32f10x_gpio.o
    0x08000eb6   0x00000004   Code   RO         2094    i.HardFault_Handler  stm32f10x_it.o
    0x08000eba   0x00000002   PAD
    0x08000ebc   0x0000002c   Code   RO          219    i.LED_Init          led.o
    0x08000ee8   0x00000004   Code   RO         2095    i.MemManage_Handler  stm32f10x_it.o
    0x08000eec   0x00000002   Code   RO         2096    i.NMI_Handler       stm32f10x_it.o
    0x08000eee   0x00000002   PAD
    0x08000ef0   0x00000070   Code   RO          392    i.NVIC_Init         misc.o
    0x08000f60   0x00000014   Code   RO          393    i.NVIC_PriorityGroupConfig  misc.o
    0x08000f74   0x00000030   Code   RO          234    i.OLED_Clear        oled.o
    0x08000fa4   0x00000068   Code   RO          237    i.OLED_DrawPoint    oled.o
    0x0800100c   0x00000174   Code   RO          239    i.OLED_Init         oled.o
    0x08001180   0x0000004c   Code   RO          240    i.OLED_Refresh_Gram  oled.o
    0x080011cc   0x0000010c   Code   RO          241    i.OLED_ShowChar     oled.o
    0x080012d8   0x000000d4   Code   RO          242    i.OLED_ShowChinese2424  oled.o
    0x080013ac   0x00000094   Code   RO          243    i.OLED_ShowNum      oled.o
    0x08001440   0x00000060   Code   RO          245    i.OLED_WR_Byte      oled.o
    0x080014a0   0x00000002   Code   RO         2097    i.PendSV_Handler    stm32f10x_it.o
    0x080014a2   0x00000002   PAD
    0x080014a4   0x00000020   Code   RO          892    i.RCC_APB1PeriphClockCmd  stm32f10x_rcc.o
    0x080014c4   0x00000020   Code   RO          894    i.RCC_APB2PeriphClockCmd  stm32f10x_rcc.o
    0x080014e4   0x000000d4   Code   RO          902    i.RCC_GetClocksFreq  stm32f10x_rcc.o
    0x080015b8   0x00000002   Code   RO         2098    i.SVC_Handler       stm32f10x_it.o
    0x080015ba   0x00000008   Code   RO         2181    i.SetSysClock       system_stm32f10x.o
    0x080015c2   0x00000002   PAD
    0x080015c4   0x000000e0   Code   RO         2182    i.SetSysClockTo72   system_stm32f10x.o
    0x080016a4   0x00000028   Code   RO          396    i.SysTick_CLKSourceConfig  misc.o
    0x080016cc   0x00000002   Code   RO         2099    i.SysTick_Handler   stm32f10x_it.o
    0x080016ce   0x00000002   PAD
    0x080016d0   0x00000060   Code   RO         2184    i.SystemInit        system_stm32f10x.o
    0x08001730   0x000000c4   Code   RO          355    i.TIM1_UP_IRQHandler  spwm.o
    0x080017f4   0x00000016   Code   RO          356    i.TIM2_IRQHandler   spwm.o
    0x0800180a   0x00000018   Code   RO         1238    i.TIM_ARRPreloadConfig  stm32f10x_tim.o
    0x08001822   0x00000020   Code   RO         1239    i.TIM_BDTRConfig    stm32f10x_tim.o
    0x08001842   0x00000006   Code   RO         1245    i.TIM_ClearITPendingBit  stm32f10x_tim.o
    0x08001848   0x00000018   Code   RO         1250    i.TIM_Cmd           stm32f10x_tim.o
    0x08001860   0x0000001e   Code   RO         1252    i.TIM_CtrlPWMOutputs  stm32f10x_tim.o
    0x0800187e   0x00000022   Code   RO         1271    i.TIM_GetITStatus   stm32f10x_tim.o
    0x080018a0   0x00000012   Code   RO         1275    i.TIM_ITConfig      stm32f10x_tim.o
    0x080018b2   0x00000002   PAD
    0x080018b4   0x000000a0   Code   RO         1289    i.TIM_OC3Init       stm32f10x_tim.o
    0x08001954   0x00000012   Code   RO         1292    i.TIM_OC3PreloadConfig  stm32f10x_tim.o
    0x08001966   0x00000004   Code   RO         1309    i.TIM_SetAutoreload  stm32f10x_tim.o
    0x0800196a   0x00000004   Code   RO         1313    i.TIM_SetCompare3   stm32f10x_tim.o
    0x0800196e   0x00000002   PAD
    0x08001970   0x000000a4   Code   RO         1321    i.TIM_TimeBaseInit  stm32f10x_tim.o
    0x08001a14   0x00000088   Code   RO         2022    i.USART1_IRQHandler  usart.o
    0x08001a9c   0x00000068   Code   RO          134    i.USART2_IRQHandler  hlw8032.o
    0x08001b04   0x00000018   Code   RO         1786    i.USART_Cmd         stm32f10x_usart.o
    0x08001b1c   0x00000054   Code   RO         1790    i.USART_GetITStatus  stm32f10x_usart.o
    0x08001b70   0x0000004a   Code   RO         1792    i.USART_ITConfig    stm32f10x_usart.o
    0x08001bba   0x00000002   PAD
    0x08001bbc   0x000000d8   Code   RO         1793    i.USART_Init        stm32f10x_usart.o
    0x08001c94   0x0000000a   Code   RO         1800    i.USART_ReceiveData  stm32f10x_usart.o
    0x08001c9e   0x00000004   Code   RO         2100    i.UsageFault_Handler  stm32f10x_it.o
    0x08001ca2   0x00000002   PAD
    0x08001ca4   0x00000020   Code   RO         2458    i.__0printf         mc_w.l(printfa.o)
    0x08001cc4   0x0000000e   Code   RO         2553    i.__scatterload_copy  mc_w.l(handlers.o)
    0x08001cd2   0x00000002   Code   RO         2554    i.__scatterload_null  mc_w.l(handlers.o)
    0x08001cd4   0x0000000e   Code   RO         2555    i.__scatterload_zeroinit  mc_w.l(handlers.o)
    0x08001ce2   0x00000002   PAD
    0x08001ce4   0x00000164   Code   RO         2465    i._fp_digits        mc_w.l(printfa.o)
    0x08001e48   0x000006dc   Code   RO         2466    i._printf_core      mc_w.l(printfa.o)
    0x08002524   0x00000024   Code   RO         2467    i._printf_post_padding  mc_w.l(printfa.o)
    0x08002548   0x0000002e   Code   RO         2468    i._printf_pre_padding  mc_w.l(printfa.o)
    0x08002576   0x00000002   PAD
    0x08002578   0x00000044   Code   RO         1962    i.delay_init        delay.o
    0x080025bc   0x0000004c   Code   RO         1963    i.delay_ms          delay.o
    0x08002608   0x0000001c   Code   RO         2024    i.fputc             usart.o
    0x08002624   0x000000d0   Code   RO          171    i.key_init          key.o
    0x080026f4   0x000003c4   Code   RO         2063    i.main              main.o
    0x08002ab8   0x00000016   Code   RO          246    i.mypow             oled.o
    0x08002ace   0x00000002   PAD
    0x08002ad0   0x00000178   Code   RO          357    i.spwm_init         spwm.o
    0x08002c48   0x000000b0   Code   RO          135    i.uart2_init        hlw8032.o
    0x08002cf8   0x000000a0   Code   RO         2025    i.uart_init         usart.o
    0x08002d98   0x000025a0   Data   RO          248    .constdata          oled.o
    0x08005338   0x00000960   Data   RO          359    .constdata          spwm.o
    0x08005c98   0x00000020   Data   RO         2551    Region$$Table       anon$$obj.o


    Execution Region RW_IRAM1 (Base: 0x20000000, Size: 0x00000a20, Max: 0x0000c000, ABSOLUTE)

    Base Addr    Size         Type   Attr      Idx    E Section Name        Object

    0x20000000   0x0000001e   Data   RW          137    .data               hlw8032.o
    0x2000001e   0x00000002   PAD
    0x20000020   0x00000013   Data   RW          360    .data               spwm.o
    0x20000033   0x00000014   Data   RW          922    .data               stm32f10x_rcc.o
    0x20000047   0x00000001   PAD
    0x20000048   0x00000004   Data   RW         1965    .data               delay.o
    0x2000004c   0x00000006   Data   RW         2027    .data               usart.o
    0x20000052   0x00000002   PAD
    0x20000054   0x00000026   Data   RW         2064    .data               main.o
    0x2000007a   0x00000002   PAD
    0x2000007c   0x00000014   Data   RW         2185    .data               system_stm32f10x.o
    0x20000090   0x000000c8   Zero   RW          136    .bss                hlw8032.o
    0x20000158   0x00000400   Zero   RW          247    .bss                oled.o
    0x20000558   0x000000c8   Zero   RW         2026    .bss                usart.o
    0x20000620   0x00000400   Zero   RW         2215    STACK               startup_stm32f10x_hd.o


==============================================================================

Image component sizes


      Code (inc. data)   RO Data    RW Data    ZI Data      Debug   Object Name

         0          0          0          0          0     250528   adc.o
         0          0          0          0          0       4528   core_cm3.o
       144         22          0          4          0       1320   delay.o
       488         54          0         30        200       3454   hlw8032.o
       528         70          0          0          0       2396   key.o
        44          6          0          0          0        551   led.o
       964        212          0         38          0       1326   main.o
       172         22          0          0          0       2325   misc.o
      1346         76       9632          0       1024       8326   oled.o
       594         60       2400         19          0       3019   spwm.o
        36          8        304          0       1024        920   startup_stm32f10x_hd.o
       200         18          0          0          0       2360   stm32f10x_exti.o
       508         10          0          0          0       4939   stm32f10x_gpio.o
        26          0          0          0          0       3794   stm32f10x_it.o
       276         32          0         20          0       4702   stm32f10x_rcc.o
       518         52          0          0          0       8434   stm32f10x_tim.o
       408          6          0          0          0       5342   stm32f10x_usart.o
       328         28          0         20          0       2137   system_stm32f10x.o
       324         26          0          6        200       3968   usart.o

    ----------------------------------------------------------------------
      6928        702      12368        144       2448     314369   Object Totals
         0          0         32          0          0          0   (incl. Generated)
        24          0          0          7          0          0   (incl. Padding)

    ----------------------------------------------------------------------

      Code (inc. data)   RO Data    RW Data    ZI Data      Debug   Library Member Name

         0          0          0          0          0          0   entry.o
         0          0          0          0          0          0   entry10a.o
         0          0          0          0          0          0   entry11a.o
         8          4          0          0          0          0   entry2.o
         4          0          0          0          0          0   entry5.o
         0          0          0          0          0          0   entry7b.o
         0          0          0          0          0          0   entry8b.o
         8          4          0          0          0          0   entry9a.o
        30          0          0          0          0          0   handlers.o
        36          8          0          0          0         68   init.o
         0          0          0          0          0          0   iusefp.o
        30          0          0          0          0         68   llshl.o
        36          0          0          0          0         68   llsshr.o
        32          0          0          0          0         68   llushr.o
      2226         90          0          0          0        444   printfa.o
        44          0          0          0          0         80   uidiv.o
        98          0          0          0          0         92   uldiv.o
        48          0          0          0          0         68   cdcmple.o
        48          0          0          0          0         68   cdrcmple.o
        20          0          0          0          0         68   cfcmple.o
        20          0          0          0          0         68   cfrcmple.o
        56          0          0          0          0         88   d2f.o
       334          0          0          0          0        148   dadd.o
       222          0          0          0          0        100   ddiv.o
       186          0          0          0          0        176   depilogue.o
        50          0          0          0          0         76   dfixui.o
        48          0          0          0          0         68   dfixul.o
        26          0          0          0          0         76   dfltui.o
       228          0          0          0          0         96   dmul.o
        38          0          0          0          0         68   f2d.o
       176          0          0          0          0        140   fadd.o
       124          0          0          0          0         88   fdiv.o
       110          0          0          0          0        168   fepilogue.o
        40          0          0          0          0         68   ffixui.o
        10          0          0          0          0         68   ffltui.o
       100          0          0          0          0         76   fmul.o

    ----------------------------------------------------------------------
      4440        106          0          0          0       2664   Library Totals
         4          0          0          0          0          0   (incl. Padding)

    ----------------------------------------------------------------------

      Code (inc. data)   RO Data    RW Data    ZI Data      Debug   Library Name

      2552        106          0          0          0        888   mc_w.l
      1884          0          0          0          0       1776   mf_w.l

    ----------------------------------------------------------------------
      4440        106          0          0          0       2664   Library Totals

    ----------------------------------------------------------------------

==============================================================================


      Code (inc. data)   RO Data    RW Data    ZI Data      Debug   

     11368        808      12368        144       2448     312349   Grand Totals
     11368        808      12368        144       2448     312349   ELF Image Totals
     11368        808      12368        144          0          0   ROM Totals

==============================================================================

    Total RO  Size (Code + RO Data)                23736 (  23.18kB)
    Total RW  Size (RW Data + ZI Data)              2592 (   2.53kB)
    Total ROM Size (Code + RO Data + RW Data)      23880 (  23.32kB)

==============================================================================

